nohup: ignoring input
/home/ubuntu/mouno/bot.py:8527: PTBUserWarning: If 'per_message=False', 'CallbackQueryHandler' will not be tracked for every message. Read this FAQ entry to learn more about the per_* settings: https://github.com/python-telegram-bot/python-telegram-bot/wiki/Frequently-Asked-Questions#what-do-the-per_-settings-in-conversationhandler-do.
  buy_conv = ConversationHandler(
/home/ubuntu/mouno/bot.py:8532: PTBUserWarning: If 'per_message=False', 'CallbackQueryHandler' will not be tracked for every message. Read this FAQ entry to learn more about the per_* settings: https://github.com/python-telegram-bot/python-telegram-bot/wiki/Frequently-Asked-Questions#what-do-the-per_-settings-in-conversationhandler-do.
  star_conv = ConversationHandler(
/home/ubuntu/mouno/bot.py:8540: PTBUserWarning: If 'per_message=False', 'CallbackQueryHandler' will not be tracked for every message. Read this FAQ entry to learn more about the per_* settings: https://github.com/python-telegram-bot/python-telegram-bot/wiki/Frequently-Asked-Questions#what-do-the-per_-settings-in-conversationhandler-do.
  admin_send_conv = ConversationHandler(
/home/ubuntu/mouno/bot.py:8548: PTBUserWarning: If 'per_message=False', 'CallbackQueryHandler' will not be tracked for every message. Read this FAQ entry to learn more about the per_* settings: https://github.com/python-telegram-bot/python-telegram-bot/wiki/Frequently-Asked-Questions#what-do-the-per_-settings-in-conversationhandler-do.
  rate_conv = ConversationHandler(
/home/ubuntu/mouno/bot.py:8553: PTBUserWarning: If 'per_message=False', 'CallbackQueryHandler' will not be tracked for every message. Read this FAQ entry to learn more about the per_* settings: https://github.com/python-telegram-bot/python-telegram-bot/wiki/Frequently-Asked-Questions#what-do-the-per_-settings-in-conversationhandler-do.
  setup_conv = ConversationHandler(
/home/ubuntu/mouno/bot.py:8558: PTBUserWarning: If 'per_message=False', 'CallbackQueryHandler' will not be tracked for every message. Read this FAQ entry to learn more about the per_* settings: https://github.com/python-telegram-bot/python-telegram-bot/wiki/Frequently-Asked-Questions#what-do-the-per_-settings-in-conversationhandler-do.
  send_wallet_conv = ConversationHandler(
/home/ubuntu/mouno/bot.py:8563: PTBUserWarning: If 'per_message=False', 'CallbackQueryHandler' will not be tracked for every message. Read this FAQ entry to learn more about the per_* settings: https://github.com/python-telegram-bot/python-telegram-bot/wiki/Frequently-Asked-Questions#what-do-the-per_-settings-in-conversationhandler-do.
  delete_conv = ConversationHandler(
/home/ubuntu/mouno/bot.py:8568: PTBUserWarning: If 'per_message=False', 'CallbackQueryHandler' will not be tracked for every message. Read this FAQ entry to learn more about the per_* settings: https://github.com/python-telegram-bot/python-telegram-bot/wiki/Frequently-Asked-Questions#what-do-the-per_-settings-in-conversationhandler-do.
  seller_app_conv = ConversationHandler(
/home/ubuntu/mouno/bot.py:8577: PTBUserWarning: If 'per_message=False', 'CallbackQueryHandler' will not be tracked for every message. Read this FAQ entry to learn more about the per_* settings: https://github.com/python-telegram-bot/python-telegram-bot/wiki/Frequently-Asked-Questions#what-do-the-per_-settings-in-conversationhandler-do.
  seller_wallet_conv = ConversationHandler(
/home/ubuntu/mouno/bot.py:8582: PTBUserWarning: If 'per_message=False', 'CallbackQueryHandler' will not be tracked for every message. Read this FAQ entry to learn more about the per_* settings: https://github.com/python-telegram-bot/python-telegram-bot/wiki/Frequently-Asked-Questions#what-do-the-per_-settings-in-conversationhandler-do.
  seller_rate_conv = ConversationHandler(
/home/ubuntu/mouno/bot.py:8587: PTBUserWarning: If 'per_message=False', 'CallbackQueryHandler' will not be tracked for every message. Read this FAQ entry to learn more about the per_* settings: https://github.com/python-telegram-bot/python-telegram-bot/wiki/Frequently-Asked-Questions#what-do-the-per_-settings-in-conversationhandler-do.
  seller_buy_conv = ConversationHandler(
2026-06-06 11:50:13,650 - INFO - HTTP Request: POST https://api.telegram.org/bot8201220396:AAFxvlvyeehQoJ7ZdyY9hPg08FnAdqaVhBw/getMe "HTTP/1.1 200 OK"
2026-06-06 11:50:13,653 - INFO - Application started
2026-06-06 11:50:13,850 - INFO - HTTP Request: POST https://api.telegram.org/bot8201220396:AAFxvlvyeehQoJ7ZdyY9hPg08FnAdqaVhBw/deleteWebhook "HTTP/1.1 200 OK"
2026-06-06 11:50:13,851 - INFO - Bot started!
 * Serving Flask app 'webhook'
 * Debug mode: off
2026-06-06 11:50:13,864 - INFO - [31m[1mWARNING: This is a development server. Do not use it in a production deployment. Use a production WSGI server instead.[0m
 * Running on all addresses (0.0.0.0)
 * Running on http://127.0.0.1:5000
 * Running on http://10.0.0.170:5000
2026-06-06 11:50:13,864 - INFO - [33mPress CTRL+C to quit[0m
2026-06-06 11:50:22,746 - INFO - HTTP Request: POST https://api.telegram.org/bot8201220396:AAFxvlvyeehQoJ7ZdyY9hPg08FnAdqaVhBw/getUpdates "HTTP/1.1 200 OK"
2026-06-06 11:50:23,505 - INFO - HTTP Request: POST https://api.telegram.org/bot8201220396:AAFxvlvyeehQoJ7ZdyY9hPg08FnAdqaVhBw/sendMessage "HTTP/1.1 200 OK"
2026-06-06 11:50:32,962 - INFO - HTTP Request: POST https://api.telegram.org/bot8201220396:AAFxvlvyeehQoJ7ZdyY9hPg08FnAdqaVhBw/getUpdates "HTTP/1.1 200 OK"
2026-06-06 11:50:43,148 - INFO - HTTP Request: POST https://api.telegram.org/bot8201220396:AAFxvlvyeehQoJ7ZdyY9hPg08FnAdqaVhBw/getUpdates "HTTP/1.1 200 OK"
2026-06-06 11:50:53,330 - INFO - HTTP Request: POST https://api.telegram.org/bot8201220396:AAFxvlvyeehQoJ7ZdyY9hPg08FnAdqaVhBw/getUpdates "HTTP/1.1 200 OK"
2026-06-06 11:51:03,514 - INFO - HTTP Request: POST https://api.telegram.org/bot8201220396:AAFxvlvyeehQoJ7ZdyY9hPg08FnAdqaVhBw/getUpdates "HTTP/1.1 200 OK"
2026-06-06 11:51:13,750 - INFO - HTTP Request: POST https://api.telegram.org/bot8201220396:AAFxvlvyeehQoJ7ZdyY9hPg08FnAdqaVhBw/getUpdates "HTTP/1.1 200 OK"
2026-06-06 11:51:23,929 - INFO - HTTP Request: POST https://api.telegram.org/bot8201220396:AAFxvlvyeehQoJ7ZdyY9hPg08FnAdqaVhBw/getUpdates "HTTP/1.1 200 OK"
2026-06-06 11:51:34,112 - INFO - HTTP Request: POST https://api.telegram.org/bot8201220396:AAFxvlvyeehQoJ7ZdyY9hPg08FnAdqaVhBw/getUpdates "HTTP/1.1 200 OK"
2026-06-06 11:51:44,295 - INFO - HTTP Request: POST https://api.telegram.org/bot8201220396:AAFxvlvyeehQoJ7ZdyY9hPg08FnAdqaVhBw/getUpdates "HTTP/1.1 200 OK"
2026-06-06 11:51:54,475 - INFO - HTTP Request: POST https://api.telegram.org/bot8201220396:AAFxvlvyeehQoJ7ZdyY9hPg08FnAdqaVhBw/getUpdates "HTTP/1.1 200 OK"
2026-06-06 11:52:04,654 - INFO - HTTP Request: POST https://api.telegram.org/bot8201220396:AAFxvlvyeehQoJ7ZdyY9hPg08FnAdqaVhBw/getUpdates "HTTP/1.1 200 OK"
2026-06-06 11:52:14,835 - INFO - HTTP Request: POST https://api.telegram.org/bot8201220396:AAFxvlvyeehQoJ7ZdyY9hPg08FnAdqaVhBw/getUpdates "HTTP/1.1 200 OK"
2026-06-06 11:52:25,050 - INFO - HTTP Request: POST https://api.telegram.org/bot8201220396:AAFxvlvyeehQoJ7ZdyY9hPg08FnAdqaVhBw/getUpdates "HTTP/1.1 200 OK"
2026-06-06 11:52:35,230 - INFO - HTTP Request: POST https://api.telegram.org/bot8201220396:AAFxvlvyeehQoJ7ZdyY9hPg08FnAdqaVhBw/getUpdates "HTTP/1.1 200 OK"
2026-06-06 11:52:45,413 - INFO - HTTP Request: POST https://api.telegram.org/bot8201220396:AAFxvlvyeehQoJ7ZdyY9hPg08FnAdqaVhBw/getUpdates "HTTP/1.1 200 OK"
2026-06-06 11:52:55,594 - INFO - HTTP Request: POST https://api.telegram.org/bot8201220396:AAFxvlvyeehQoJ7ZdyY9hPg08FnAdqaVhBw/getUpdates "HTTP/1.1 200 OK"
2026-06-06 11:53:05,774 - INFO - HTTP Request: POST https://api.telegram.org/bot8201220396:AAFxvlvyeehQoJ7ZdyY9hPg08FnAdqaVhBw/getUpdates "HTTP/1.1 200 OK"
2026-06-06 11:53:15,967 - INFO - HTTP Request: POST https://api.telegram.org/bot8201220396:AAFxvlvyeehQoJ7ZdyY9hPg08FnAdqaVhBw/getUpdates "HTTP/1.1 200 OK"
2026-06-06 11:53:26,152 - INFO - HTTP Request: POST https://api.telegram.org/bot8201220396:AAFxvlvyeehQoJ7ZdyY9hPg08FnAdqaVhBw/getUpdates "HTTP/1.1 200 OK"
2026-06-06 11:53:36,350 - INFO - HTTP Request: POST https://api.telegram.org/bot8201220396:AAFxvlvyeehQoJ7ZdyY9hPg08FnAdqaVhBw/getUpdates "HTTP/1.1 200 OK"
2026-06-06 11:53:46,543 - INFO - HTTP Request: POST https://api.telegram.org/bot8201220396:AAFxvlvyeehQoJ7ZdyY9hPg08FnAdqaVhBw/getUpdates "HTTP/1.1 200 OK"
2026-06-06 11:53:56,759 - INFO - HTTP Request: POST https://api.telegram.org/bot8201220396:AAFxvlvyeehQoJ7ZdyY9hPg08FnAdqaVhBw/getUpdates "HTTP/1.1 200 OK"
2026-06-06 11:54:06,956 - INFO - HTTP Request: POST https://api.telegram.org/bot8201220396:AAFxvlvyeehQoJ7ZdyY9hPg08FnAdqaVhBw/getUpdates "HTTP/1.1 200 OK"
2026-06-06 11:54:17,150 - INFO - HTTP Request: POST https://api.telegram.org/bot8201220396:AAFxvlvyeehQoJ7ZdyY9hPg08FnAdqaVhBw/getUpdates "HTTP/1.1 200 OK"
2026-06-06 11:54:22,289 - INFO - HTTP Request: POST https://api.telegram.org/bot8201220396:AAFxvlvyeehQoJ7ZdyY9hPg08FnAdqaVhBw/getUpdates "HTTP/1.1 200 OK"
2026-06-06 11:54:23,150 - INFO - HTTP Request: POST https://api.telegram.org/bot8201220396:AAFxvlvyeehQoJ7ZdyY9hPg08FnAdqaVhBw/sendMessage "HTTP/1.1 200 OK"
2026-06-06 11:54:26,663 - INFO - HTTP Request: POST https://api.telegram.org/bot8201220396:AAFxvlvyeehQoJ7ZdyY9hPg08FnAdqaVhBw/getUpdates "HTTP/1.1 200 OK"
2026-06-06 11:54:27,356 - INFO - HTTP Request: POST https://api.telegram.org/bot8201220396:AAFxvlvyeehQoJ7ZdyY9hPg08FnAdqaVhBw/sendMessage "HTTP/1.1 200 OK"
2026-06-06 11:54:30,150 - INFO - HTTP Request: POST https://api.telegram.org/bot8201220396:AAFxvlvyeehQoJ7ZdyY9hPg08FnAdqaVhBw/getUpdates "HTTP/1.1 200 OK"
2026-06-06 11:54:30,550 - INFO - HTTP Request: POST https://api.telegram.org/bot8201220396:AAFxvlvyeehQoJ7ZdyY9hPg08FnAdqaVhBw/answerCallbackQuery "HTTP/1.1 200 OK"
2026-06-06 11:54:31,052 - INFO - HTTP Request: POST https://api.telegram.org/bot8201220396:AAFxvlvyeehQoJ7ZdyY9hPg08FnAdqaVhBw/editMessageText "HTTP/1.1 200 OK"
2026-06-06 11:54:37,851 - INFO - HTTP Request: POST https://api.telegram.org/bot8201220396:AAFxvlvyeehQoJ7ZdyY9hPg08FnAdqaVhBw/getUpdates "HTTP/1.1 200 OK"
2026-06-06 11:54:38,752 - INFO - HTTP Request: POST https://api.telegram.org/bot8201220396:AAFxvlvyeehQoJ7ZdyY9hPg08FnAdqaVhBw/sendMessage "HTTP/1.1 200 OK"
2026-06-06 11:54:48,151 - INFO - HTTP Request: POST https://api.telegram.org/bot8201220396:AAFxvlvyeehQoJ7ZdyY9hPg08FnAdqaVhBw/getUpdates "HTTP/1.1 200 OK"
2026-06-06 11:54:48,351 - INFO - HTTP Request: POST https://api.telegram.org/bot8201220396:AAFxvlvyeehQoJ7ZdyY9hPg08FnAdqaVhBw/getUpdates "HTTP/1.1 200 OK"
2026-06-06 11:54:50,051 - INFO - HTTP Request: POST https://api.telegram.org/bot8201220396:AAFxvlvyeehQoJ7ZdyY9hPg08FnAdqaVhBw/answerCallbackQuery "HTTP/1.1 200 OK"
2026-06-06 11:55:04,869 - INFO - HTTP Request: POST https://api.telegram.org/bot8201220396:AAFxvlvyeehQoJ7ZdyY9hPg08FnAdqaVhBw/getUpdates "HTTP/1.1 200 OK"
2026-06-06 11:58:52,162 - INFO - HTTP Request: POST https://api.telegram.org/bot8201220396:AAFxvlvyeehQoJ7ZdyY9hPg08FnAdqaVhBw/editMessageText "HTTP/1.1 200 OK"
2026-06-06 11:58:53,253 - INFO - HTTP Request: POST https://api.telegram.org/bot8201220396:AAFxvlvyeehQoJ7ZdyY9hPg08FnAdqaVhBw/sendMessage "HTTP/1.1 200 OK"
2026-06-06 11:59:03,046 - INFO - HTTP Request: POST https://api.telegram.org/bot8201220396:AAFxvlvyeehQoJ7ZdyY9hPg08FnAdqaVhBw/getUpdates "HTTP/1.1 200 OK"
2026-06-06 11:59:13,223 - INFO - HTTP Request: POST https://api.telegram.org/bot8201220396:AAFxvlvyeehQoJ7ZdyY9hPg08FnAdqaVhBw/getUpdates "HTTP/1.1 200 OK"
2026-06-06 11:59:23,400 - INFO - HTTP Request: POST https://api.telegram.org/bot8201220396:AAFxvlvyeehQoJ7ZdyY9hPg08FnAdqaVhBw/getUpdates "HTTP/1.1 200 OK"
2026-06-06 11:59:33,574 - INFO - HTTP Request: POST https://api.telegram.org/bot8201220396:AAFxvlvyeehQoJ7ZdyY9hPg08FnAdqaVhBw/getUpdates "HTTP/1.1 200 OK"
2026-06-06 11:59:43,750 - INFO - HTTP Request: POST https://api.telegram.org/bot8201220396:AAFxvlvyeehQoJ7ZdyY9hPg08FnAdqaVhBw/getUpdates "HTTP/1.1 200 OK"
2026-06-06 11:59:53,925 - INFO - HTTP Request: POST https://api.telegram.org/bot8201220396:AAFxvlvyeehQoJ7ZdyY9hPg08FnAdqaVhBw/getUpdates "HTTP/1.1 200 OK"
2026-06-06 12:00:04,100 - INFO - HTTP Request: POST https://api.telegram.org/bot8201220396:AAFxvlvyeehQoJ7ZdyY9hPg08FnAdqaVhBw/getUpdates "HTTP/1.1 200 OK"
2026-06-06 12:00:14,275 - INFO - HTTP Request: POST https://api.telegram.org/bot8201220396:AAFxvlvyeehQoJ7ZdyY9hPg08FnAdqaVhBw/getUpdates "HTTP/1.1 200 OK"
2026-06-06 12:00:24,451 - INFO - HTTP Request: POST https://api.telegram.org/bot8201220396:AAFxvlvyeehQoJ7ZdyY9hPg08FnAdqaVhBw/getUpdates "HTTP/1.1 200 OK"
2026-06-06 12:00:34,626 - INFO - HTTP Request: POST https://api.telegram.org/bot8201220396:AAFxvlvyeehQoJ7ZdyY9hPg08FnAdqaVhBw/getUpdates "HTTP/1.1 200 OK"
2026-06-06 12:00:44,802 - INFO - HTTP Request: POST https://api.telegram.org/bot8201220396:AAFxvlvyeehQoJ7ZdyY9hPg08FnAdqaVhBw/getUpdates "HTTP/1.1 200 OK"
2026-06-06 12:00:54,978 - INFO - HTTP Request: POST https://api.telegram.org/bot8201220396:AAFxvlvyeehQoJ7ZdyY9hPg08FnAdqaVhBw/getUpdates "HTTP/1.1 200 OK"
2026-06-06 12:01:05,152 - INFO - HTTP Request: POST https://api.telegram.org/bot8201220396:AAFxvlvyeehQoJ7ZdyY9hPg08FnAdqaVhBw/getUpdates "HTTP/1.1 200 OK"
2026-06-06 12:01:15,328 - INFO - HTTP Request: POST https://api.telegram.org/bot8201220396:AAFxvlvyeehQoJ7ZdyY9hPg08FnAdqaVhBw/getUpdates "HTTP/1.1 200 OK"
2026-06-06 12:01:25,503 - INFO - HTTP Request: POST https://api.telegram.org/bot8201220396:AAFxvlvyeehQoJ7ZdyY9hPg08FnAdqaVhBw/getUpdates "HTTP/1.1 200 OK"
2026-06-06 12:01:35,720 - INFO - HTTP Request: POST https://api.telegram.org/bot8201220396:AAFxvlvyeehQoJ7ZdyY9hPg08FnAdqaVhBw/getUpdates "HTTP/1.1 200 OK"
2026-06-06 12:01:45,896 - INFO - HTTP Request: POST https://api.telegram.org/bot8201220396:AAFxvlvyeehQoJ7ZdyY9hPg08FnAdqaVhBw/getUpdates "HTTP/1.1 200 OK"
2026-06-06 12:01:56,071 - INFO - HTTP Request: POST https://api.telegram.org/bot8201220396:AAFxvlvyeehQoJ7ZdyY9hPg08FnAdqaVhBw/getUpdates "HTTP/1.1 200 OK"
2026-06-06 12:02:06,246 - INFO - HTTP Request: POST https://api.telegram.org/bot8201220396:AAFxvlvyeehQoJ7ZdyY9hPg08FnAdqaVhBw/getUpdates "HTTP/1.1 200 OK"
2026-06-06 12:02:16,420 - INFO - HTTP Request: POST https://api.telegram.org/bot8201220396:AAFxvlvyeehQoJ7ZdyY9hPg08FnAdqaVhBw/getUpdates "HTTP/1.1 200 OK"
2026-06-06 12:02:26,597 - INFO - HTTP Request: POST https://api.telegram.org/bot8201220396:AAFxvlvyeehQoJ7ZdyY9hPg08FnAdqaVhBw/getUpdates "HTTP/1.1 200 OK"
2026-06-06 12:02:36,772 - INFO - HTTP Request: POST https://api.telegram.org/bot8201220396:AAFxvlvyeehQoJ7ZdyY9hPg08FnAdqaVhBw/getUpdates "HTTP/1.1 200 OK"
2026-06-06 12:02:46,948 - INFO - HTTP Request: POST https://api.telegram.org/bot8201220396:AAFxvlvyeehQoJ7ZdyY9hPg08FnAdqaVhBw/getUpdates "HTTP/1.1 200 OK"
2026-06-06 12:02:57,145 - INFO - HTTP Request: POST https://api.telegram.org/bot8201220396:AAFxvlvyeehQoJ7ZdyY9hPg08FnAdqaVhBw/getUpdates "HTTP/1.1 200 OK"
2026-06-06 12:03:07,321 - INFO - HTTP Request: POST https://api.telegram.org/bot8201220396:AAFxvlvyeehQoJ7ZdyY9hPg08FnAdqaVhBw/getUpdates "HTTP/1.1 200 OK"
2026-06-06 12:03:17,497 - INFO - HTTP Request: POST https://api.telegram.org/bot8201220396:AAFxvlvyeehQoJ7ZdyY9hPg08FnAdqaVhBw/getUpdates "HTTP/1.1 200 OK"
2026-06-06 12:03:27,673 - INFO - HTTP Request: POST https://api.telegram.org/bot8201220396:AAFxvlvyeehQoJ7ZdyY9hPg08FnAdqaVhBw/getUpdates "HTTP/1.1 200 OK"
2026-06-06 12:03:37,849 - INFO - HTTP Request: POST https://api.telegram.org/bot8201220396:AAFxvlvyeehQoJ7ZdyY9hPg08FnAdqaVhBw/getUpdates "HTTP/1.1 200 OK"
2026-06-06 12:03:48,027 - INFO - HTTP Request: POST https://api.telegram.org/bot8201220396:AAFxvlvyeehQoJ7ZdyY9hPg08FnAdqaVhBw/getUpdates "HTTP/1.1 200 OK"
2026-06-06 12:03:58,202 - INFO - HTTP Request: POST https://api.telegram.org/bot8201220396:AAFxvlvyeehQoJ7ZdyY9hPg08FnAdqaVhBw/getUpdates "HTTP/1.1 200 OK"
2026-06-06 12:04:08,378 - INFO - HTTP Request: POST https://api.telegram.org/bot8201220396:AAFxvlvyeehQoJ7ZdyY9hPg08FnAdqaVhBw/getUpdates "HTTP/1.1 200 OK"
2026-06-06 12:04:18,554 - INFO - HTTP Request: POST https://api.telegram.org/bot8201220396:AAFxvlvyeehQoJ7ZdyY9hPg08FnAdqaVhBw/getUpdates "HTTP/1.1 200 OK"
2026-06-06 12:04:28,729 - INFO - HTTP Request: POST https://api.telegram.org/bot8201220396:AAFxvlvyeehQoJ7ZdyY9hPg08FnAdqaVhBw/getUpdates "HTTP/1.1 200 OK"
2026-06-06 12:04:38,904 - INFO - HTTP Request: POST https://api.telegram.org/bot8201220396:AAFxvlvyeehQoJ7ZdyY9hPg08FnAdqaVhBw/getUpdates "HTTP/1.1 200 OK"
2026-06-06 12:04:49,079 - INFO - HTTP Request: POST https://api.telegram.org/bot8201220396:AAFxvlvyeehQoJ7ZdyY9hPg08FnAdqaVhBw/getUpdates "HTTP/1.1 200 OK"
2026-06-06 12:04:59,255 - INFO - HTTP Request: POST https://api.telegram.org/bot8201220396:AAFxvlvyeehQoJ7ZdyY9hPg08FnAdqaVhBw/getUpdates "HTTP/1.1 200 OK"
2026-06-06 12:05:09,430 - INFO - HTTP Request: POST https://api.telegram.org/bot8201220396:AAFxvlvyeehQoJ7ZdyY9hPg08FnAdqaVhBw/getUpdates "HTTP/1.1 200 OK"
2026-06-06 12:05:19,645 - INFO - HTTP Request: POST https://api.telegram.org/bot8201220396:AAFxvlvyeehQoJ7ZdyY9hPg08FnAdqaVhBw/getUpdates "HTTP/1.1 200 OK"
2026-06-06 12:05:29,820 - INFO - HTTP Request: POST https://api.telegram.org/bot8201220396:AAFxvlvyeehQoJ7ZdyY9hPg08FnAdqaVhBw/getUpdates "HTTP/1.1 200 OK"
2026-06-06 12:05:39,997 - INFO - HTTP Request: POST https://api.telegram.org/bot8201220396:AAFxvlvyeehQoJ7ZdyY9hPg08FnAdqaVhBw/getUpdates "HTTP/1.1 200 OK"
2026-06-06 12:05:50,171 - INFO - HTTP Request: POST https://api.telegram.org/bot8201220396:AAFxvlvyeehQoJ7ZdyY9hPg08FnAdqaVhBw/getUpdates "HTTP/1.1 200 OK"
2026-06-06 12:06:00,347 - INFO - HTTP Request: POST https://api.telegram.org/bot8201220396:AAFxvlvyeehQoJ7ZdyY9hPg08FnAdqaVhBw/getUpdates "HTTP/1.1 200 OK"
2026-06-06 12:06:10,523 - INFO - HTTP Request: POST https://api.telegram.org/bot8201220396:AAFxvlvyeehQoJ7ZdyY9hPg08FnAdqaVhBw/getUpdates "HTTP/1.1 200 OK"
2026-06-06 12:06:20,699 - INFO - HTTP Request: POST https://api.telegram.org/bot8201220396:AAFxvlvyeehQoJ7ZdyY9hPg08FnAdqaVhBw/getUpdates "HTTP/1.1 200 OK"
2026-06-06 12:06:30,874 - INFO - HTTP Request: POST https://api.telegram.org/bot8201220396:AAFxvlvyeehQoJ7ZdyY9hPg08FnAdqaVhBw/getUpdates "HTTP/1.1 200 OK"
2026-06-06 12:06:41,050 - INFO - HTTP Request: POST https://api.telegram.org/bot8201220396:AAFxvlvyeehQoJ7ZdyY9hPg08FnAdqaVhBw/getUpdates "HTTP/1.1 200 OK"
2026-06-06 12:06:51,244 - INFO - HTTP Request: POST https://api.telegram.org/bot8201220396:AAFxvlvyeehQoJ7ZdyY9hPg08FnAdqaVhBw/getUpdates "HTTP/1.1 200 OK"
2026-06-06 12:07:01,421 - INFO - HTTP Request: POST https://api.telegram.org/bot8201220396:AAFxvlvyeehQoJ7ZdyY9hPg08FnAdqaVhBw/getUpdates "HTTP/1.1 200 OK"
2026-06-06 12:07:11,598 - INFO - HTTP Request: POST https://api.telegram.org/bot8201220396:AAFxvlvyeehQoJ7ZdyY9hPg08FnAdqaVhBw/getUpdates "HTTP/1.1 200 OK"
2026-06-06 12:07:21,774 - INFO - HTTP Request: POST https://api.telegram.org/bot8201220396:AAFxvlvyeehQoJ7ZdyY9hPg08FnAdqaVhBw/getUpdates "HTTP/1.1 200 OK"
2026-06-06 12:07:31,948 - INFO - HTTP Request: POST https://api.telegram.org/bot8201220396:AAFxvlvyeehQoJ7ZdyY9hPg08FnAdqaVhBw/getUpdates "HTTP/1.1 200 OK"
2026-06-06 12:07:42,144 - INFO - HTTP Request: POST https://api.telegram.org/bot8201220396:AAFxvlvyeehQoJ7ZdyY9hPg08FnAdqaVhBw/getUpdates "HTTP/1.1 200 OK"
2026-06-06 12:07:52,320 - INFO - HTTP Request: POST https://api.telegram.org/bot8201220396:AAFxvlvyeehQoJ7ZdyY9hPg08FnAdqaVhBw/getUpdates "HTTP/1.1 200 OK"
2026-06-06 12:08:02,494 - INFO - HTTP Request: POST https://api.telegram.org/bot8201220396:AAFxvlvyeehQoJ7ZdyY9hPg08FnAdqaVhBw/getUpdates "HTTP/1.1 200 OK"
2026-06-06 12:08:12,718 - INFO - HTTP Request: POST https://api.telegram.org/bot8201220396:AAFxvlvyeehQoJ7ZdyY9hPg08FnAdqaVhBw/getUpdates "HTTP/1.1 200 OK"
2026-06-06 12:08:22,944 - INFO - HTTP Request: POST https://api.telegram.org/bot8201220396:AAFxvlvyeehQoJ7ZdyY9hPg08FnAdqaVhBw/getUpdates "HTTP/1.1 200 OK"
2026-06-06 12:08:33,122 - INFO - HTTP Request: POST https://api.telegram.org/bot8201220396:AAFxvlvyeehQoJ7ZdyY9hPg08FnAdqaVhBw/getUpdates "HTTP/1.1 200 OK"
2026-06-06 12:08:43,297 - INFO - HTTP Request: POST https://api.telegram.org/bot8201220396:AAFxvlvyeehQoJ7ZdyY9hPg08FnAdqaVhBw/getUpdates "HTTP/1.1 200 OK"
2026-06-06 12:08:53,472 - INFO - HTTP Request: POST https://api.telegram.org/bot8201220396:AAFxvlvyeehQoJ7ZdyY9hPg08FnAdqaVhBw/getUpdates "HTTP/1.1 200 OK"
2026-06-06 12:09:03,647 - INFO - HTTP Request: POST https://api.telegram.org/bot8201220396:AAFxvlvyeehQoJ7ZdyY9hPg08FnAdqaVhBw/getUpdates "HTTP/1.1 200 OK"
2026-06-06 12:09:13,824 - INFO - HTTP Request: POST https://api.telegram.org/bot8201220396:AAFxvlvyeehQoJ7ZdyY9hPg08FnAdqaVhBw/getUpdates "HTTP/1.1 200 OK"
2026-06-06 12:09:23,998 - INFO - HTTP Request: POST https://api.telegram.org/bot8201220396:AAFxvlvyeehQoJ7ZdyY9hPg08FnAdqaVhBw/getUpdates "HTTP/1.1 200 OK"
2026-06-06 12:09:34,173 - INFO - HTTP Request: POST https://api.telegram.org/bot8201220396:AAFxvlvyeehQoJ7ZdyY9hPg08FnAdqaVhBw/getUpdates "HTTP/1.1 200 OK"
2026-06-06 12:09:44,348 - INFO - HTTP Request: POST https://api.telegram.org/bot8201220396:AAFxvlvyeehQoJ7ZdyY9hPg08FnAdqaVhBw/getUpdates "HTTP/1.1 200 OK"
2026-06-06 12:09:54,527 - INFO - HTTP Request: POST https://api.telegram.org/bot8201220396:AAFxvlvyeehQoJ7ZdyY9hPg08FnAdqaVhBw/getUpdates "HTTP/1.1 200 OK"
2026-06-06 12:10:04,702 - INFO - HTTP Request: POST https://api.telegram.org/bot8201220396:AAFxvlvyeehQoJ7ZdyY9hPg08FnAdqaVhBw/getUpdates "HTTP/1.1 200 OK"
2026-06-06 12:10:14,878 - INFO - HTTP Request: POST https://api.telegram.org/bot8201220396:AAFxvlvyeehQoJ7ZdyY9hPg08FnAdqaVhBw/getUpdates "HTTP/1.1 200 OK"
2026-06-06 12:10:25,052 - INFO - HTTP Request: POST https://api.telegram.org/bot8201220396:AAFxvlvyeehQoJ7ZdyY9hPg08FnAdqaVhBw/getUpdates "HTTP/1.1 200 OK"
2026-06-06 12:10:35,228 - INFO - HTTP Request: POST https://api.telegram.org/bot8201220396:AAFxvlvyeehQoJ7ZdyY9hPg08FnAdqaVhBw/getUpdates "HTTP/1.1 200 OK"
2026-06-06 12:10:45,403 - INFO - HTTP Request: POST https://api.telegram.org/bot8201220396:AAFxvlvyeehQoJ7ZdyY9hPg08FnAdqaVhBw/getUpdates "HTTP/1.1 200 OK"
2026-06-06 12:10:55,618 - INFO - HTTP Request: POST https://api.telegram.org/bot8201220396:AAFxvlvyeehQoJ7ZdyY9hPg08FnAdqaVhBw/getUpdates "HTTP/1.1 200 OK"
2026-06-06 12:11:05,793 - INFO - HTTP Request: POST https://api.telegram.org/bot8201220396:AAFxvlvyeehQoJ7ZdyY9hPg08FnAdqaVhBw/getUpdates "HTTP/1.1 200 OK"
2026-06-06 12:11:15,968 - INFO - HTTP Request: POST https://api.telegram.org/bot8201220396:AAFxvlvyeehQoJ7ZdyY9hPg08FnAdqaVhBw/getUpdates "HTTP/1.1 200 OK"
2026-06-06 12:11:26,143 - INFO - HTTP Request: POST https://api.telegram.org/bot8201220396:AAFxvlvyeehQoJ7ZdyY9hPg08FnAdqaVhBw/getUpdates "HTTP/1.1 200 OK"
2026-06-06 12:11:36,318 - INFO - HTTP Request: POST https://api.telegram.org/bot8201220396:AAFxvlvyeehQoJ7ZdyY9hPg08FnAdqaVhBw/getUpdates "HTTP/1.1 200 OK"
2026-06-06 12:11:46,493 - INFO - HTTP Request: POST https://api.telegram.org/bot8201220396:AAFxvlvyeehQoJ7ZdyY9hPg08FnAdqaVhBw/getUpdates "HTTP/1.1 200 OK"
2026-06-06 12:11:56,668 - INFO - HTTP Request: POST https://api.telegram.org/bot8201220396:AAFxvlvyeehQoJ7ZdyY9hPg08FnAdqaVhBw/getUpdates "HTTP/1.1 200 OK"
2026-06-06 12:12:06,845 - INFO - HTTP Request: POST https://api.telegram.org/bot8201220396:AAFxvlvyeehQoJ7ZdyY9hPg08FnAdqaVhBw/getUpdates "HTTP/1.1 200 OK"
2026-06-06 12:12:17,021 - INFO - HTTP Request: POST https://api.telegram.org/bot8201220396:AAFxvlvyeehQoJ7ZdyY9hPg08FnAdqaVhBw/getUpdates "HTTP/1.1 200 OK"
2026-06-06 12:12:27,218 - INFO - HTTP Request: POST https://api.telegram.org/bot8201220396:AAFxvlvyeehQoJ7ZdyY9hPg08FnAdqaVhBw/getUpdates "HTTP/1.1 200 OK"
2026-06-06 12:12:37,393 - INFO - HTTP Request: POST https://api.telegram.org/bot8201220396:AAFxvlvyeehQoJ7ZdyY9hPg08FnAdqaVhBw/getUpdates "HTTP/1.1 200 OK"
2026-06-06 12:12:47,568 - INFO - HTTP Request: POST https://api.telegram.org/bot8201220396:AAFxvlvyeehQoJ7ZdyY9hPg08FnAdqaVhBw/getUpdates "HTTP/1.1 200 OK"
2026-06-06 12:12:57,743 - INFO - HTTP Request: POST https://api.telegram.org/bot8201220396:AAFxvlvyeehQoJ7ZdyY9hPg08FnAdqaVhBw/getUpdates "HTTP/1.1 200 OK"
2026-06-06 12:13:07,943 - INFO - HTTP Request: POST https://api.telegram.org/bot8201220396:AAFxvlvyeehQoJ7ZdyY9hPg08FnAdqaVhBw/getUpdates "HTTP/1.1 200 OK"
2026-06-06 12:13:18,119 - INFO - HTTP Request: POST https://api.telegram.org/bot8201220396:AAFxvlvyeehQoJ7ZdyY9hPg08FnAdqaVhBw/getUpdates "HTTP/1.1 200 OK"
2026-06-06 12:13:28,293 - INFO - HTTP Request: POST https://api.telegram.org/bot8201220396:AAFxvlvyeehQoJ7ZdyY9hPg08FnAdqaVhBw/getUpdates "HTTP/1.1 200 OK"
2026-06-06 12:13:38,519 - INFO - HTTP Request: POST https://api.telegram.org/bot8201220396:AAFxvlvyeehQoJ7ZdyY9hPg08FnAdqaVhBw/getUpdates "HTTP/1.1 200 OK"
2026-06-06 12:13:48,695 - INFO - HTTP Request: POST https://api.telegram.org/bot8201220396:AAFxvlvyeehQoJ7ZdyY9hPg08FnAdqaVhBw/getUpdates "HTTP/1.1 200 OK"
2026-06-06 12:13:58,871 - INFO - HTTP Request: POST https://api.telegram.org/bot8201220396:AAFxvlvyeehQoJ7ZdyY9hPg08FnAdqaVhBw/getUpdates "HTTP/1.1 200 OK"
2026-06-06 12:14:09,046 - INFO - HTTP Request: POST https://api.telegram.org/bot8201220396:AAFxvlvyeehQoJ7ZdyY9hPg08FnAdqaVhBw/getUpdates "HTTP/1.1 200 OK"
2026-06-06 12:14:19,221 - INFO - HTTP Request: POST https://api.telegram.org/bot8201220396:AAFxvlvyeehQoJ7ZdyY9hPg08FnAdqaVhBw/getUpdates "HTTP/1.1 200 OK"
2026-06-06 12:14:29,395 - INFO - HTTP Request: POST https://api.telegram.org/bot8201220396:AAFxvlvyeehQoJ7ZdyY9hPg08FnAdqaVhBw/getUpdates "HTTP/1.1 200 OK"
2026-06-06 12:14:39,571 - INFO - HTTP Request: POST https://api.telegram.org/bot8201220396:AAFxvlvyeehQoJ7ZdyY9hPg08FnAdqaVhBw/getUpdates "HTTP/1.1 200 OK"
2026-06-06 12:14:49,746 - INFO - HTTP Request: POST https://api.telegram.org/bot8201220396:AAFxvlvyeehQoJ7ZdyY9hPg08FnAdqaVhBw/getUpdates "HTTP/1.1 200 OK"
2026-06-06 12:14:59,922 - INFO - HTTP Request: POST https://api.telegram.org/bot8201220396:AAFxvlvyeehQoJ7ZdyY9hPg08FnAdqaVhBw/getUpdates "HTTP/1.1 200 OK"
2026-06-06 12:15:10,096 - INFO - HTTP Request: POST https://api.telegram.org/bot8201220396:AAFxvlvyeehQoJ7ZdyY9hPg08FnAdqaVhBw/getUpdates "HTTP/1.1 200 OK"
2026-06-06 12:15:20,273 - INFO - HTTP Request: POST https://api.telegram.org/bot8201220396:AAFxvlvyeehQoJ7ZdyY9hPg08FnAdqaVhBw/getUpdates "HTTP/1.1 200 OK"
2026-06-06 12:15:30,449 - INFO - HTTP Request: POST https://api.telegram.org/bot8201220396:AAFxvlvyeehQoJ7ZdyY9hPg08FnAdqaVhBw/getUpdates "HTTP/1.1 200 OK"
2026-06-06 12:15:40,625 - INFO - HTTP Request: POST https://api.telegram.org/bot8201220396:AAFxvlvyeehQoJ7ZdyY9hPg08FnAdqaVhBw/getUpdates "HTTP/1.1 200 OK"
2026-06-06 12:15:50,800 - INFO - HTTP Request: POST https://api.telegram.org/bot8201220396:AAFxvlvyeehQoJ7ZdyY9hPg08FnAdqaVhBw/getUpdates "HTTP/1.1 200 OK"
2026-06-06 12:16:01,018 - INFO - HTTP Request: POST https://api.telegram.org/bot8201220396:AAFxvlvyeehQoJ7ZdyY9hPg08FnAdqaVhBw/getUpdates "HTTP/1.1 200 OK"
2026-06-06 12:16:11,192 - INFO - HTTP Request: POST https://api.telegram.org/bot8201220396:AAFxvlvyeehQoJ7ZdyY9hPg08FnAdqaVhBw/getUpdates "HTTP/1.1 200 OK"
2026-06-06 12:16:21,366 - INFO - HTTP Request: POST https://api.telegram.org/bot8201220396:AAFxvlvyeehQoJ7ZdyY9hPg08FnAdqaVhBw/getUpdates "HTTP/1.1 200 OK"
2026-06-06 12:16:31,542 - INFO - HTTP Request: POST https://api.telegram.org/bot8201220396:AAFxvlvyeehQoJ7ZdyY9hPg08FnAdqaVhBw/getUpdates "HTTP/1.1 200 OK"
2026-06-06 12:16:41,745 - INFO - HTTP Request: POST https://api.telegram.org/bot8201220396:AAFxvlvyeehQoJ7ZdyY9hPg08FnAdqaVhBw/getUpdates "HTTP/1.1 200 OK"
2026-06-06 12:16:51,920 - INFO - HTTP Request: POST https://api.telegram.org/bot8201220396:AAFxvlvyeehQoJ7ZdyY9hPg08FnAdqaVhBw/getUpdates "HTTP/1.1 200 OK"
2026-06-06 12:17:02,143 - INFO - HTTP Request: POST https://api.telegram.org/bot8201220396:AAFxvlvyeehQoJ7ZdyY9hPg08FnAdqaVhBw/getUpdates "HTTP/1.1 200 OK"
2026-06-06 12:17:12,319 - INFO - HTTP Request: POST https://api.telegram.org/bot8201220396:AAFxvlvyeehQoJ7ZdyY9hPg08FnAdqaVhBw/getUpdates "HTTP/1.1 200 OK"
2026-06-06 12:17:22,544 - INFO - HTTP Request: POST https://api.telegram.org/bot8201220396:AAFxvlvyeehQoJ7ZdyY9hPg08FnAdqaVhBw/getUpdates "HTTP/1.1 200 OK"
2026-06-06 12:17:32,722 - INFO - HTTP Request: POST https://api.telegram.org/bot8201220396:AAFxvlvyeehQoJ7ZdyY9hPg08FnAdqaVhBw/getUpdates "HTTP/1.1 200 OK"
2026-06-06 12:17:42,899 - INFO - HTTP Request: POST https://api.telegram.org/bot8201220396:AAFxvlvyeehQoJ7ZdyY9hPg08FnAdqaVhBw/getUpdates "HTTP/1.1 200 OK"
2026-06-06 12:17:53,075 - INFO - HTTP Request: POST https://api.telegram.org/bot8201220396:AAFxvlvyeehQoJ7ZdyY9hPg08FnAdqaVhBw/getUpdates "HTTP/1.1 200 OK"
2026-06-06 12:18:03,250 - INFO - HTTP Request: POST https://api.telegram.org/bot8201220396:AAFxvlvyeehQoJ7ZdyY9hPg08FnAdqaVhBw/getUpdates "HTTP/1.1 200 OK"
2026-06-06 12:18:13,444 - INFO - HTTP Request: POST https://api.telegram.org/bot8201220396:AAFxvlvyeehQoJ7ZdyY9hPg08FnAdqaVhBw/getUpdates "HTTP/1.1 200 OK"
2026-06-06 12:18:23,619 - INFO - HTTP Request: POST https://api.telegram.org/bot8201220396:AAFxvlvyeehQoJ7ZdyY9hPg08FnAdqaVhBw/getUpdates "HTTP/1.1 200 OK"
2026-06-06 12:18:33,843 - INFO - HTTP Request: POST https://api.telegram.org/bot8201220396:AAFxvlvyeehQoJ7ZdyY9hPg08FnAdqaVhBw/getUpdates "HTTP/1.1 200 OK"
2026-06-06 12:18:44,022 - INFO - HTTP Request: POST https://api.telegram.org/bot8201220396:AAFxvlvyeehQoJ7ZdyY9hPg08FnAdqaVhBw/getUpdates "HTTP/1.1 200 OK"
2026-06-06 12:18:54,197 - INFO - HTTP Request: POST https://api.telegram.org/bot8201220396:AAFxvlvyeehQoJ7ZdyY9hPg08FnAdqaVhBw/getUpdates "HTTP/1.1 200 OK"
2026-06-06 12:19:04,372 - INFO - HTTP Request: POST https://api.telegram.org/bot8201220396:AAFxvlvyeehQoJ7ZdyY9hPg08FnAdqaVhBw/getUpdates "HTTP/1.1 200 OK"
2026-06-06 12:19:14,547 - INFO - HTTP Request: POST https://api.telegram.org/bot8201220396:AAFxvlvyeehQoJ7ZdyY9hPg08FnAdqaVhBw/getUpdates "HTTP/1.1 200 OK"
2026-06-06 12:19:24,723 - INFO - HTTP Request: POST https://api.telegram.org/bot8201220396:AAFxvlvyeehQoJ7ZdyY9hPg08FnAdqaVhBw/getUpdates "HTTP/1.1 200 OK"
2026-06-06 12:19:34,898 - INFO - HTTP Request: POST https://api.telegram.org/bot8201220396:AAFxvlvyeehQoJ7ZdyY9hPg08FnAdqaVhBw/getUpdates "HTTP/1.1 200 OK"
2026-06-06 12:19:45,074 - INFO - HTTP Request: POST https://api.telegram.org/bot8201220396:AAFxvlvyeehQoJ7ZdyY9hPg08FnAdqaVhBw/getUpdates "HTTP/1.1 200 OK"
2026-06-06 12:19:55,249 - INFO - HTTP Request: POST https://api.telegram.org/bot8201220396:AAFxvlvyeehQoJ7ZdyY9hPg08FnAdqaVhBw/getUpdates "HTTP/1.1 200 OK"
2026-06-06 12:20:05,425 - INFO - HTTP Request: POST https://api.telegram.org/bot8201220396:AAFxvlvyeehQoJ7ZdyY9hPg08FnAdqaVhBw/getUpdates "HTTP/1.1 200 OK"
2026-06-06 12:20:15,599 - INFO - HTTP Request: POST https://api.telegram.org/bot8201220396:AAFxvlvyeehQoJ7ZdyY9hPg08FnAdqaVhBw/getUpdates "HTTP/1.1 200 OK"
2026-06-06 12:20:25,774 - INFO - HTTP Request: POST https://api.telegram.org/bot8201220396:AAFxvlvyeehQoJ7ZdyY9hPg08FnAdqaVhBw/getUpdates "HTTP/1.1 200 OK"
2026-06-06 12:20:35,949 - INFO - HTTP Request: POST https://api.telegram.org/bot8201220396:AAFxvlvyeehQoJ7ZdyY9hPg08FnAdqaVhBw/getUpdates "HTTP/1.1 200 OK"
2026-06-06 12:20:46,124 - INFO - HTTP Request: POST https://api.telegram.org/bot8201220396:AAFxvlvyeehQoJ7ZdyY9hPg08FnAdqaVhBw/getUpdates "HTTP/1.1 200 OK"
2026-06-06 12:20:56,299 - INFO - HTTP Request: POST https://api.telegram.org/bot8201220396:AAFxvlvyeehQoJ7ZdyY9hPg08FnAdqaVhBw/getUpdates "HTTP/1.1 200 OK"
2026-06-06 12:21:06,518 - INFO - HTTP Request: POST https://api.telegram.org/bot8201220396:AAFxvlvyeehQoJ7ZdyY9hPg08FnAdqaVhBw/getUpdates "HTTP/1.1 200 OK"
2026-06-06 12:21:16,693 - INFO - HTTP Request: POST https://api.telegram.org/bot8201220396:AAFxvlvyeehQoJ7ZdyY9hPg08FnAdqaVhBw/getUpdates "HTTP/1.1 200 OK"
2026-06-06 12:21:26,869 - INFO - HTTP Request: POST https://api.telegram.org/bot8201220396:AAFxvlvyeehQoJ7ZdyY9hPg08FnAdqaVhBw/getUpdates "HTTP/1.1 200 OK"
2026-06-06 12:21:37,044 - INFO - HTTP Request: POST https://api.telegram.org/bot8201220396:AAFxvlvyeehQoJ7ZdyY9hPg08FnAdqaVhBw/getUpdates "HTTP/1.1 200 OK"
2026-06-06 12:21:47,221 - INFO - HTTP Request: POST https://api.telegram.org/bot8201220396:AAFxvlvyeehQoJ7ZdyY9hPg08FnAdqaVhBw/getUpdates "HTTP/1.1 200 OK"
2026-06-06 12:21:57,396 - INFO - HTTP Request: POST https://api.telegram.org/bot8201220396:AAFxvlvyeehQoJ7ZdyY9hPg08FnAdqaVhBw/getUpdates "HTTP/1.1 200 OK"
2026-06-06 12:22:07,571 - INFO - HTTP Request: POST https://api.telegram.org/bot8201220396:AAFxvlvyeehQoJ7ZdyY9hPg08FnAdqaVhBw/getUpdates "HTTP/1.1 200 OK"
2026-06-06 12:22:17,747 - INFO - HTTP Request: POST https://api.telegram.org/bot8201220396:AAFxvlvyeehQoJ7ZdyY9hPg08FnAdqaVhBw/getUpdates "HTTP/1.1 200 OK"
2026-06-06 12:22:27,922 - INFO - HTTP Request: POST https://api.telegram.org/bot8201220396:AAFxvlvyeehQoJ7ZdyY9hPg08FnAdqaVhBw/getUpdates "HTTP/1.1 200 OK"
2026-06-06 12:22:38,117 - INFO - HTTP Request: POST https://api.telegram.org/bot8201220396:AAFxvlvyeehQoJ7ZdyY9hPg08FnAdqaVhBw/getUpdates "HTTP/1.1 200 OK"
2026-06-06 12:22:48,292 - INFO - HTTP Request: POST https://api.telegram.org/bot8201220396:AAFxvlvyeehQoJ7ZdyY9hPg08FnAdqaVhBw/getUpdates "HTTP/1.1 200 OK"
2026-06-06 12:22:58,468 - INFO - HTTP Request: POST https://api.telegram.org/bot8201220396:AAFxvlvyeehQoJ7ZdyY9hPg08FnAdqaVhBw/getUpdates "HTTP/1.1 200 OK"
2026-06-06 12:23:08,642 - INFO - HTTP Request: POST https://api.telegram.org/bot8201220396:AAFxvlvyeehQoJ7ZdyY9hPg08FnAdqaVhBw/getUpdates "HTTP/1.1 200 OK"
2026-06-06 12:23:18,817 - INFO - HTTP Request: POST https://api.telegram.org/bot8201220396:AAFxvlvyeehQoJ7ZdyY9hPg08FnAdqaVhBw/getUpdates "HTTP/1.1 200 OK"
2026-06-06 12:23:28,993 - INFO - HTTP Request: POST https://api.telegram.org/bot8201220396:AAFxvlvyeehQoJ7ZdyY9hPg08FnAdqaVhBw/getUpdates "HTTP/1.1 200 OK"
2026-06-06 12:23:39,169 - INFO - HTTP Request: POST https://api.telegram.org/bot8201220396:AAFxvlvyeehQoJ7ZdyY9hPg08FnAdqaVhBw/getUpdates "HTTP/1.1 200 OK"
2026-06-06 12:23:49,347 - INFO - HTTP Request: POST https://api.telegram.org/bot8201220396:AAFxvlvyeehQoJ7ZdyY9hPg08FnAdqaVhBw/getUpdates "HTTP/1.1 200 OK"
2026-06-06 12:23:59,522 - INFO - HTTP Request: POST https://api.telegram.org/bot8201220396:AAFxvlvyeehQoJ7ZdyY9hPg08FnAdqaVhBw/getUpdates "HTTP/1.1 200 OK"
2026-06-06 12:24:09,697 - INFO - HTTP Request: POST https://api.telegram.org/bot8201220396:AAFxvlvyeehQoJ7ZdyY9hPg08FnAdqaVhBw/getUpdates "HTTP/1.1 200 OK"
2026-06-06 12:24:19,872 - INFO - HTTP Request: POST https://api.telegram.org/bot8201220396:AAFxvlvyeehQoJ7ZdyY9hPg08FnAdqaVhBw/getUpdates "HTTP/1.1 200 OK"
2026-06-06 12:24:30,051 - INFO - HTTP Request: POST https://api.telegram.org/bot8201220396:AAFxvlvyeehQoJ7ZdyY9hPg08FnAdqaVhBw/getUpdates "HTTP/1.1 200 OK"
2026-06-06 12:24:40,228 - INFO - HTTP Request: POST https://api.telegram.org/bot8201220396:AAFxvlvyeehQoJ7ZdyY9hPg08FnAdqaVhBw/getUpdates "HTTP/1.1 200 OK"
2026-06-06 12:24:50,444 - INFO - HTTP Request: POST https://api.telegram.org/bot8201220396:AAFxvlvyeehQoJ7ZdyY9hPg08FnAdqaVhBw/getUpdates "HTTP/1.1 200 OK"
2026-06-06 12:25:00,620 - INFO - HTTP Request: POST https://api.telegram.org/bot8201220396:AAFxvlvyeehQoJ7ZdyY9hPg08FnAdqaVhBw/getUpdates "HTTP/1.1 200 OK"
2026-06-06 12:25:10,798 - INFO - HTTP Request: POST https://api.telegram.org/bot8201220396:AAFxvlvyeehQoJ7ZdyY9hPg08FnAdqaVhBw/getUpdates "HTTP/1.1 200 OK"
2026-06-06 12:25:20,974 - INFO - HTTP Request: POST https://api.telegram.org/bot8201220396:AAFxvlvyeehQoJ7ZdyY9hPg08FnAdqaVhBw/getUpdates "HTTP/1.1 200 OK"
2026-06-06 12:25:31,148 - INFO - HTTP Request: POST https://api.telegram.org/bot8201220396:AAFxvlvyeehQoJ7ZdyY9hPg08FnAdqaVhBw/getUpdates "HTTP/1.1 200 OK"
2026-06-06 12:25:41,325 - INFO - HTTP Request: POST https://api.telegram.org/bot8201220396:AAFxvlvyeehQoJ7ZdyY9hPg08FnAdqaVhBw/getUpdates "HTTP/1.1 200 OK"
2026-06-06 12:25:51,501 - INFO - HTTP Request: POST https://api.telegram.org/bot8201220396:AAFxvlvyeehQoJ7ZdyY9hPg08FnAdqaVhBw/getUpdates "HTTP/1.1 200 OK"
2026-06-06 12:26:01,679 - INFO - HTTP Request: POST https://api.telegram.org/bot8201220396:AAFxvlvyeehQoJ7ZdyY9hPg08FnAdqaVhBw/getUpdates "HTTP/1.1 200 OK"
2026-06-06 12:26:11,853 - INFO - HTTP Request: POST https://api.telegram.org/bot8201220396:AAFxvlvyeehQoJ7ZdyY9hPg08FnAdqaVhBw/getUpdates "HTTP/1.1 200 OK"
2026-06-06 12:26:22,029 - INFO - HTTP Request: POST https://api.telegram.org/bot8201220396:AAFxvlvyeehQoJ7ZdyY9hPg08FnAdqaVhBw/getUpdates "HTTP/1.1 200 OK"
2026-06-06 12:26:32,204 - INFO - HTTP Request: POST https://api.telegram.org/bot8201220396:AAFxvlvyeehQoJ7ZdyY9hPg08FnAdqaVhBw/getUpdates "HTTP/1.1 200 OK"
2026-06-06 12:26:42,380 - INFO - HTTP Request: POST https://api.telegram.org/bot8201220396:AAFxvlvyeehQoJ7ZdyY9hPg08FnAdqaVhBw/getUpdates "HTTP/1.1 200 OK"
2026-06-06 12:26:52,555 - INFO - HTTP Request: POST https://api.telegram.org/bot8201220396:AAFxvlvyeehQoJ7ZdyY9hPg08FnAdqaVhBw/getUpdates "HTTP/1.1 200 OK"
2026-06-06 12:27:02,730 - INFO - HTTP Request: POST https://api.telegram.org/bot8201220396:AAFxvlvyeehQoJ7ZdyY9hPg08FnAdqaVhBw/getUpdates "HTTP/1.1 200 OK"
2026-06-06 12:27:12,946 - INFO - HTTP Request: POST https://api.telegram.org/bot8201220396:AAFxvlvyeehQoJ7ZdyY9hPg08FnAdqaVhBw/getUpdates "HTTP/1.1 200 OK"
2026-06-06 12:27:23,133 - INFO - HTTP Request: POST https://api.telegram.org/bot8201220396:AAFxvlvyeehQoJ7ZdyY9hPg08FnAdqaVhBw/getUpdates "HTTP/1.1 200 OK"
2026-06-06 12:27:33,344 - INFO - HTTP Request: POST https://api.telegram.org/bot8201220396:AAFxvlvyeehQoJ7ZdyY9hPg08FnAdqaVhBw/getUpdates "HTTP/1.1 200 OK"
2026-06-06 12:27:43,533 - INFO - HTTP Request: POST https://api.telegram.org/bot8201220396:AAFxvlvyeehQoJ7ZdyY9hPg08FnAdqaVhBw/getUpdates "HTTP/1.1 200 OK"
2026-06-06 12:27:53,719 - INFO - HTTP Request: POST https://api.telegram.org/bot8201220396:AAFxvlvyeehQoJ7ZdyY9hPg08FnAdqaVhBw/getUpdates "HTTP/1.1 200 OK"
2026-06-06 12:28:03,906 - INFO - HTTP Request: POST https://api.telegram.org/bot8201220396:AAFxvlvyeehQoJ7ZdyY9hPg08FnAdqaVhBw/getUpdates "HTTP/1.1 200 OK"
2026-06-06 12:28:14,092 - INFO - HTTP Request: POST https://api.telegram.org/bot8201220396:AAFxvlvyeehQoJ7ZdyY9hPg08FnAdqaVhBw/getUpdates "HTTP/1.1 200 OK"
2026-06-06 12:28:24,279 - INFO - HTTP Request: POST https://api.telegram.org/bot8201220396:AAFxvlvyeehQoJ7ZdyY9hPg08FnAdqaVhBw/getUpdates "HTTP/1.1 200 OK"
2026-06-06 12:28:34,465 - INFO - HTTP Request: POST https://api.telegram.org/bot8201220396:AAFxvlvyeehQoJ7ZdyY9hPg08FnAdqaVhBw/getUpdates "HTTP/1.1 200 OK"
2026-06-06 12:28:44,651 - INFO - HTTP Request: POST https://api.telegram.org/bot8201220396:AAFxvlvyeehQoJ7ZdyY9hPg08FnAdqaVhBw/getUpdates "HTTP/1.1 200 OK"
2026-06-06 12:28:54,838 - INFO - HTTP Request: POST https://api.telegram.org/bot8201220396:AAFxvlvyeehQoJ7ZdyY9hPg08FnAdqaVhBw/getUpdates "HTTP/1.1 200 OK"
2026-06-06 12:29:05,023 - INFO - HTTP Request: POST https://api.telegram.org/bot8201220396:AAFxvlvyeehQoJ7ZdyY9hPg08FnAdqaVhBw/getUpdates "HTTP/1.1 200 OK"
2026-06-06 12:29:15,212 - INFO - HTTP Request: POST https://api.telegram.org/bot8201220396:AAFxvlvyeehQoJ7ZdyY9hPg08FnAdqaVhBw/getUpdates "HTTP/1.1 200 OK"
2026-06-06 12:29:25,399 - INFO - HTTP Request: POST https://api.telegram.org/bot8201220396:AAFxvlvyeehQoJ7ZdyY9hPg08FnAdqaVhBw/getUpdates "HTTP/1.1 200 OK"
2026-06-06 12:29:35,586 - INFO - HTTP Request: POST https://api.telegram.org/bot8201220396:AAFxvlvyeehQoJ7ZdyY9hPg08FnAdqaVhBw/getUpdates "HTTP/1.1 200 OK"
2026-06-06 12:29:45,772 - INFO - HTTP Request: POST https://api.telegram.org/bot8201220396:AAFxvlvyeehQoJ7ZdyY9hPg08FnAdqaVhBw/getUpdates "HTTP/1.1 200 OK"
2026-06-06 12:29:55,959 - INFO - HTTP Request: POST https://api.telegram.org/bot8201220396:AAFxvlvyeehQoJ7ZdyY9hPg08FnAdqaVhBw/getUpdates "HTTP/1.1 200 OK"
2026-06-06 12:30:06,145 - INFO - HTTP Request: POST https://api.telegram.org/bot8201220396:AAFxvlvyeehQoJ7ZdyY9hPg08FnAdqaVhBw/getUpdates "HTTP/1.1 200 OK"
2026-06-06 12:30:16,334 - INFO - HTTP Request: POST https://api.telegram.org/bot8201220396:AAFxvlvyeehQoJ7ZdyY9hPg08FnAdqaVhBw/getUpdates "HTTP/1.1 200 OK"
2026-06-06 12:30:26,521 - INFO - HTTP Request: POST https://api.telegram.org/bot8201220396:AAFxvlvyeehQoJ7ZdyY9hPg08FnAdqaVhBw/getUpdates "HTTP/1.1 200 OK"
2026-06-06 12:30:36,709 - INFO - HTTP Request: POST https://api.telegram.org/bot8201220396:AAFxvlvyeehQoJ7ZdyY9hPg08FnAdqaVhBw/getUpdates "HTTP/1.1 200 OK"
2026-06-06 12:30:46,895 - INFO - HTTP Request: POST https://api.telegram.org/bot8201220396:AAFxvlvyeehQoJ7ZdyY9hPg08FnAdqaVhBw/getUpdates "HTTP/1.1 200 OK"
2026-06-06 12:30:57,083 - INFO - HTTP Request: POST https://api.telegram.org/bot8201220396:AAFxvlvyeehQoJ7ZdyY9hPg08FnAdqaVhBw/getUpdates "HTTP/1.1 200 OK"
2026-06-06 12:31:07,269 - INFO - HTTP Request: POST https://api.telegram.org/bot8201220396:AAFxvlvyeehQoJ7ZdyY9hPg08FnAdqaVhBw/getUpdates "HTTP/1.1 200 OK"
2026-06-06 12:31:17,456 - INFO - HTTP Request: POST https://api.telegram.org/bot8201220396:AAFxvlvyeehQoJ7ZdyY9hPg08FnAdqaVhBw/getUpdates "HTTP/1.1 200 OK"
2026-06-06 12:31:27,642 - INFO - HTTP Request: POST https://api.telegram.org/bot8201220396:AAFxvlvyeehQoJ7ZdyY9hPg08FnAdqaVhBw/getUpdates "HTTP/1.1 200 OK"
2026-06-06 12:31:37,828 - INFO - HTTP Request: POST https://api.telegram.org/bot8201220396:AAFxvlvyeehQoJ7ZdyY9hPg08FnAdqaVhBw/getUpdates "HTTP/1.1 200 OK"
2026-06-06 12:31:48,013 - INFO - HTTP Request: POST https://api.telegram.org/bot8201220396:AAFxvlvyeehQoJ7ZdyY9hPg08FnAdqaVhBw/getUpdates "HTTP/1.1 200 OK"
2026-06-06 12:31:58,201 - INFO - HTTP Request: POST https://api.telegram.org/bot8201220396:AAFxvlvyeehQoJ7ZdyY9hPg08FnAdqaVhBw/getUpdates "HTTP/1.1 200 OK"
2026-06-06 12:32:08,389 - INFO - HTTP Request: POST https://api.telegram.org/bot8201220396:AAFxvlvyeehQoJ7ZdyY9hPg08FnAdqaVhBw/getUpdates "HTTP/1.1 200 OK"
2026-06-06 12:32:18,575 - INFO - HTTP Request: POST https://api.telegram.org/bot8201220396:AAFxvlvyeehQoJ7ZdyY9hPg08FnAdqaVhBw/getUpdates "HTTP/1.1 200 OK"
2026-06-06 12:32:28,760 - INFO - HTTP Request: POST https://api.telegram.org/bot8201220396:AAFxvlvyeehQoJ7ZdyY9hPg08FnAdqaVhBw/getUpdates "HTTP/1.1 200 OK"
2026-06-06 12:32:38,945 - INFO - HTTP Request: POST https://api.telegram.org/bot8201220396:AAFxvlvyeehQoJ7ZdyY9hPg08FnAdqaVhBw/getUpdates "HTTP/1.1 200 OK"
2026-06-06 12:32:49,132 - INFO - HTTP Request: POST https://api.telegram.org/bot8201220396:AAFxvlvyeehQoJ7ZdyY9hPg08FnAdqaVhBw/getUpdates "HTTP/1.1 200 OK"
2026-06-06 12:32:59,318 - INFO - HTTP Request: POST https://api.telegram.org/bot8201220396:AAFxvlvyeehQoJ7ZdyY9hPg08FnAdqaVhBw/getUpdates "HTTP/1.1 200 OK"
2026-06-06 12:33:09,503 - INFO - HTTP Request: POST https://api.telegram.org/bot8201220396:AAFxvlvyeehQoJ7ZdyY9hPg08FnAdqaVhBw/getUpdates "HTTP/1.1 200 OK"
2026-06-06 12:33:19,689 - INFO - HTTP Request: POST https://api.telegram.org/bot8201220396:AAFxvlvyeehQoJ7ZdyY9hPg08FnAdqaVhBw/getUpdates "HTTP/1.1 200 OK"
2026-06-06 12:33:29,874 - INFO - HTTP Request: POST https://api.telegram.org/bot8201220396:AAFxvlvyeehQoJ7ZdyY9hPg08FnAdqaVhBw/getUpdates "HTTP/1.1 200 OK"
2026-06-06 12:33:40,060 - INFO - HTTP Request: POST https://api.telegram.org/bot8201220396:AAFxvlvyeehQoJ7ZdyY9hPg08FnAdqaVhBw/getUpdates "HTTP/1.1 200 OK"
2026-06-06 12:33:50,247 - INFO - HTTP Request: POST https://api.telegram.org/bot8201220396:AAFxvlvyeehQoJ7ZdyY9hPg08FnAdqaVhBw/getUpdates "HTTP/1.1 200 OK"
2026-06-06 12:34:00,437 - INFO - HTTP Request: POST https://api.telegram.org/bot8201220396:AAFxvlvyeehQoJ7ZdyY9hPg08FnAdqaVhBw/getUpdates "HTTP/1.1 200 OK"
2026-06-06 12:34:10,623 - INFO - HTTP Request: POST https://api.telegram.org/bot8201220396:AAFxvlvyeehQoJ7ZdyY9hPg08FnAdqaVhBw/getUpdates "HTTP/1.1 200 OK"
2026-06-06 12:34:20,811 - INFO - HTTP Request: POST https://api.telegram.org/bot8201220396:AAFxvlvyeehQoJ7ZdyY9hPg08FnAdqaVhBw/getUpdates "HTTP/1.1 200 OK"
2026-06-06 12:34:30,998 - INFO - HTTP Request: POST https://api.telegram.org/bot8201220396:AAFxvlvyeehQoJ7ZdyY9hPg08FnAdqaVhBw/getUpdates "HTTP/1.1 200 OK"
2026-06-06 12:34:41,187 - INFO - HTTP Request: POST https://api.telegram.org/bot8201220396:AAFxvlvyeehQoJ7ZdyY9hPg08FnAdqaVhBw/getUpdates "HTTP/1.1 200 OK"
2026-06-06 12:34:51,373 - INFO - HTTP Request: POST https://api.telegram.org/bot8201220396:AAFxvlvyeehQoJ7ZdyY9hPg08FnAdqaVhBw/getUpdates "HTTP/1.1 200 OK"
2026-06-06 12:35:01,558 - INFO - HTTP Request: POST https://api.telegram.org/bot8201220396:AAFxvlvyeehQoJ7ZdyY9hPg08FnAdqaVhBw/getUpdates "HTTP/1.1 200 OK"
2026-06-06 12:35:11,746 - INFO - HTTP Request: POST https://api.telegram.org/bot8201220396:AAFxvlvyeehQoJ7ZdyY9hPg08FnAdqaVhBw/getUpdates "HTTP/1.1 200 OK"
2026-06-06 12:35:21,932 - INFO - HTTP Request: POST https://api.telegram.org/bot8201220396:AAFxvlvyeehQoJ7ZdyY9hPg08FnAdqaVhBw/getUpdates "HTTP/1.1 200 OK"
2026-06-06 12:35:32,119 - INFO - HTTP Request: POST https://api.telegram.org/bot8201220396:AAFxvlvyeehQoJ7ZdyY9hPg08FnAdqaVhBw/getUpdates "HTTP/1.1 200 OK"
2026-06-06 12:35:42,306 - INFO - HTTP Request: POST https://api.telegram.org/bot8201220396:AAFxvlvyeehQoJ7ZdyY9hPg08FnAdqaVhBw/getUpdates "HTTP/1.1 200 OK"
2026-06-06 12:35:52,492 - INFO - HTTP Request: POST https://api.telegram.org/bot8201220396:AAFxvlvyeehQoJ7ZdyY9hPg08FnAdqaVhBw/getUpdates "HTTP/1.1 200 OK"
2026-06-06 12:36:02,678 - INFO - HTTP Request: POST https://api.telegram.org/bot8201220396:AAFxvlvyeehQoJ7ZdyY9hPg08FnAdqaVhBw/getUpdates "HTTP/1.1 200 OK"
2026-06-06 12:36:12,864 - INFO - HTTP Request: POST https://api.telegram.org/bot8201220396:AAFxvlvyeehQoJ7ZdyY9hPg08FnAdqaVhBw/getUpdates "HTTP/1.1 200 OK"
2026-06-06 12:36:23,051 - INFO - HTTP Request: POST https://api.telegram.org/bot8201220396:AAFxvlvyeehQoJ7ZdyY9hPg08FnAdqaVhBw/getUpdates "HTTP/1.1 200 OK"
2026-06-06 12:36:33,240 - INFO - HTTP Request: POST https://api.telegram.org/bot8201220396:AAFxvlvyeehQoJ7ZdyY9hPg08FnAdqaVhBw/getUpdates "HTTP/1.1 200 OK"
2026-06-06 12:36:43,428 - INFO - HTTP Request: POST https://api.telegram.org/bot8201220396:AAFxvlvyeehQoJ7ZdyY9hPg08FnAdqaVhBw/getUpdates "HTTP/1.1 200 OK"
2026-06-06 12:36:53,614 - INFO - HTTP Request: POST https://api.telegram.org/bot8201220396:AAFxvlvyeehQoJ7ZdyY9hPg08FnAdqaVhBw/getUpdates "HTTP/1.1 200 OK"
2026-06-06 12:37:03,800 - INFO - HTTP Request: POST https://api.telegram.org/bot8201220396:AAFxvlvyeehQoJ7ZdyY9hPg08FnAdqaVhBw/getUpdates "HTTP/1.1 200 OK"
2026-06-06 12:37:13,985 - INFO - HTTP Request: POST https://api.telegram.org/bot8201220396:AAFxvlvyeehQoJ7ZdyY9hPg08FnAdqaVhBw/getUpdates "HTTP/1.1 200 OK"
2026-06-06 12:37:24,170 - INFO - HTTP Request: POST https://api.telegram.org/bot8201220396:AAFxvlvyeehQoJ7ZdyY9hPg08FnAdqaVhBw/getUpdates "HTTP/1.1 200 OK"
2026-06-06 12:37:34,355 - INFO - HTTP Request: POST https://api.telegram.org/bot8201220396:AAFxvlvyeehQoJ7ZdyY9hPg08FnAdqaVhBw/getUpdates "HTTP/1.1 200 OK"
2026-06-06 12:37:44,542 - INFO - HTTP Request: POST https://api.telegram.org/bot8201220396:AAFxvlvyeehQoJ7ZdyY9hPg08FnAdqaVhBw/getUpdates "HTTP/1.1 200 OK"
2026-06-06 12:37:54,727 - INFO - HTTP Request: POST https://api.telegram.org/bot8201220396:AAFxvlvyeehQoJ7ZdyY9hPg08FnAdqaVhBw/getUpdates "HTTP/1.1 200 OK"
2026-06-06 12:38:04,913 - INFO - HTTP Request: POST https://api.telegram.org/bot8201220396:AAFxvlvyeehQoJ7ZdyY9hPg08FnAdqaVhBw/getUpdates "HTTP/1.1 200 OK"
2026-06-06 12:38:15,099 - INFO - HTTP Request: POST https://api.telegram.org/bot8201220396:AAFxvlvyeehQoJ7ZdyY9hPg08FnAdqaVhBw/getUpdates "HTTP/1.1 200 OK"
2026-06-06 12:38:25,284 - INFO - HTTP Request: POST https://api.telegram.org/bot8201220396:AAFxvlvyeehQoJ7ZdyY9hPg08FnAdqaVhBw/getUpdates "HTTP/1.1 200 OK"
2026-06-06 12:38:35,470 - INFO - HTTP Request: POST https://api.telegram.org/bot8201220396:AAFxvlvyeehQoJ7ZdyY9hPg08FnAdqaVhBw/getUpdates "HTTP/1.1 200 OK"
2026-06-06 12:38:45,656 - INFO - HTTP Request: POST https://api.telegram.org/bot8201220396:AAFxvlvyeehQoJ7ZdyY9hPg08FnAdqaVhBw/getUpdates "HTTP/1.1 200 OK"
2026-06-06 12:38:55,843 - INFO - HTTP Request: POST https://api.telegram.org/bot8201220396:AAFxvlvyeehQoJ7ZdyY9hPg08FnAdqaVhBw/getUpdates "HTTP/1.1 200 OK"
2026-06-06 12:39:06,029 - INFO - HTTP Request: POST https://api.telegram.org/bot8201220396:AAFxvlvyeehQoJ7ZdyY9hPg08FnAdqaVhBw/getUpdates "HTTP/1.1 200 OK"
2026-06-06 12:39:16,214 - INFO - HTTP Request: POST https://api.telegram.org/bot8201220396:AAFxvlvyeehQoJ7ZdyY9hPg08FnAdqaVhBw/getUpdates "HTTP/1.1 200 OK"
2026-06-06 12:39:26,400 - INFO - HTTP Request: POST https://api.telegram.org/bot8201220396:AAFxvlvyeehQoJ7ZdyY9hPg08FnAdqaVhBw/getUpdates "HTTP/1.1 200 OK"
2026-06-06 12:39:36,585 - INFO - HTTP Request: POST https://api.telegram.org/bot8201220396:AAFxvlvyeehQoJ7ZdyY9hPg08FnAdqaVhBw/getUpdates "HTTP/1.1 200 OK"
2026-06-06 12:39:46,772 - INFO - HTTP Request: POST https://api.telegram.org/bot8201220396:AAFxvlvyeehQoJ7ZdyY9hPg08FnAdqaVhBw/getUpdates "HTTP/1.1 200 OK"
2026-06-06 12:39:56,958 - INFO - HTTP Request: POST https://api.telegram.org/bot8201220396:AAFxvlvyeehQoJ7ZdyY9hPg08FnAdqaVhBw/getUpdates "HTTP/1.1 200 OK"
2026-06-06 12:40:07,144 - INFO - HTTP Request: POST https://api.telegram.org/bot8201220396:AAFxvlvyeehQoJ7ZdyY9hPg08FnAdqaVhBw/getUpdates "HTTP/1.1 200 OK"
2026-06-06 12:40:17,330 - INFO - HTTP Request: POST https://api.telegram.org/bot8201220396:AAFxvlvyeehQoJ7ZdyY9hPg08FnAdqaVhBw/getUpdates "HTTP/1.1 200 OK"
2026-06-06 12:40:27,516 - INFO - HTTP Request: POST https://api.telegram.org/bot8201220396:AAFxvlvyeehQoJ7ZdyY9hPg08FnAdqaVhBw/getUpdates "HTTP/1.1 200 OK"
2026-06-06 12:40:37,705 - INFO - HTTP Request: POST https://api.telegram.org/bot8201220396:AAFxvlvyeehQoJ7ZdyY9hPg08FnAdqaVhBw/getUpdates "HTTP/1.1 200 OK"
2026-06-06 12:40:47,891 - INFO - HTTP Request: POST https://api.telegram.org/bot8201220396:AAFxvlvyeehQoJ7ZdyY9hPg08FnAdqaVhBw/getUpdates "HTTP/1.1 200 OK"
2026-06-06 12:40:58,077 - INFO - HTTP Request: POST https://api.telegram.org/bot8201220396:AAFxvlvyeehQoJ7ZdyY9hPg08FnAdqaVhBw/getUpdates "HTTP/1.1 200 OK"
2026-06-06 12:41:08,264 - INFO - HTTP Request: POST https://api.telegram.org/bot8201220396:AAFxvlvyeehQoJ7ZdyY9hPg08FnAdqaVhBw/getUpdates "HTTP/1.1 200 OK"
2026-06-06 12:41:18,450 - INFO - HTTP Request: POST https://api.telegram.org/bot8201220396:AAFxvlvyeehQoJ7ZdyY9hPg08FnAdqaVhBw/getUpdates "HTTP/1.1 200 OK"
2026-06-06 12:41:28,635 - INFO - HTTP Request: POST https://api.telegram.org/bot8201220396:AAFxvlvyeehQoJ7ZdyY9hPg08FnAdqaVhBw/getUpdates "HTTP/1.1 200 OK"
2026-06-06 12:41:38,821 - INFO - HTTP Request: POST https://api.telegram.org/bot8201220396:AAFxvlvyeehQoJ7ZdyY9hPg08FnAdqaVhBw/getUpdates "HTTP/1.1 200 OK"
2026-06-06 12:41:49,007 - INFO - HTTP Request: POST https://api.telegram.org/bot8201220396:AAFxvlvyeehQoJ7ZdyY9hPg08FnAdqaVhBw/getUpdates "HTTP/1.1 200 OK"
2026-06-06 12:41:59,192 - INFO - HTTP Request: POST https://api.telegram.org/bot8201220396:AAFxvlvyeehQoJ7ZdyY9hPg08FnAdqaVhBw/getUpdates "HTTP/1.1 200 OK"
2026-06-06 12:42:09,379 - INFO - HTTP Request: POST https://api.telegram.org/bot8201220396:AAFxvlvyeehQoJ7ZdyY9hPg08FnAdqaVhBw/getUpdates "HTTP/1.1 200 OK"
2026-06-06 12:42:19,566 - INFO - HTTP Request: POST https://api.telegram.org/bot8201220396:AAFxvlvyeehQoJ7ZdyY9hPg08FnAdqaVhBw/getUpdates "HTTP/1.1 200 OK"
2026-06-06 12:42:29,753 - INFO - HTTP Request: POST https://api.telegram.org/bot8201220396:AAFxvlvyeehQoJ7ZdyY9hPg08FnAdqaVhBw/getUpdates "HTTP/1.1 200 OK"
2026-06-06 12:42:39,945 - INFO - HTTP Request: POST https://api.telegram.org/bot8201220396:AAFxvlvyeehQoJ7ZdyY9hPg08FnAdqaVhBw/getUpdates "HTTP/1.1 200 OK"
2026-06-06 12:42:50,131 - INFO - HTTP Request: POST https://api.telegram.org/bot8201220396:AAFxvlvyeehQoJ7ZdyY9hPg08FnAdqaVhBw/getUpdates "HTTP/1.1 200 OK"
2026-06-06 12:43:00,317 - INFO - HTTP Request: POST https://api.telegram.org/bot8201220396:AAFxvlvyeehQoJ7ZdyY9hPg08FnAdqaVhBw/getUpdates "HTTP/1.1 200 OK"
2026-06-06 12:43:10,503 - INFO - HTTP Request: POST https://api.telegram.org/bot8201220396:AAFxvlvyeehQoJ7ZdyY9hPg08FnAdqaVhBw/getUpdates "HTTP/1.1 200 OK"
2026-06-06 12:43:20,689 - INFO - HTTP Request: POST https://api.telegram.org/bot8201220396:AAFxvlvyeehQoJ7ZdyY9hPg08FnAdqaVhBw/getUpdates "HTTP/1.1 200 OK"
2026-06-06 12:43:30,927 - INFO - HTTP Request: POST https://api.telegram.org/bot8201220396:AAFxvlvyeehQoJ7ZdyY9hPg08FnAdqaVhBw/getUpdates "HTTP/1.1 200 OK"
2026-06-06 12:43:41,144 - INFO - HTTP Request: POST https://api.telegram.org/bot8201220396:AAFxvlvyeehQoJ7ZdyY9hPg08FnAdqaVhBw/getUpdates "HTTP/1.1 200 OK"
2026-06-06 12:43:51,333 - INFO - HTTP Request: POST https://api.telegram.org/bot8201220396:AAFxvlvyeehQoJ7ZdyY9hPg08FnAdqaVhBw/getUpdates "HTTP/1.1 200 OK"
2026-06-06 12:44:01,542 - INFO - HTTP Request: POST https://api.telegram.org/bot8201220396:AAFxvlvyeehQoJ7ZdyY9hPg08FnAdqaVhBw/getUpdates "HTTP/1.1 200 OK"
2026-06-06 12:44:11,727 - INFO - HTTP Request: POST https://api.telegram.org/bot8201220396:AAFxvlvyeehQoJ7ZdyY9hPg08FnAdqaVhBw/getUpdates "HTTP/1.1 200 OK"
2026-06-06 12:44:21,913 - INFO - HTTP Request: POST https://api.telegram.org/bot8201220396:AAFxvlvyeehQoJ7ZdyY9hPg08FnAdqaVhBw/getUpdates "HTTP/1.1 200 OK"
2026-06-06 12:44:32,102 - INFO - HTTP Request: POST https://api.telegram.org/bot8201220396:AAFxvlvyeehQoJ7ZdyY9hPg08FnAdqaVhBw/getUpdates "HTTP/1.1 200 OK"
2026-06-06 12:44:42,289 - INFO - HTTP Request: POST https://api.telegram.org/bot8201220396:AAFxvlvyeehQoJ7ZdyY9hPg08FnAdqaVhBw/getUpdates "HTTP/1.1 200 OK"
2026-06-06 12:44:52,474 - INFO - HTTP Request: POST https://api.telegram.org/bot8201220396:AAFxvlvyeehQoJ7ZdyY9hPg08FnAdqaVhBw/getUpdates "HTTP/1.1 200 OK"
2026-06-06 12:45:02,660 - INFO - HTTP Request: POST https://api.telegram.org/bot8201220396:AAFxvlvyeehQoJ7ZdyY9hPg08FnAdqaVhBw/getUpdates "HTTP/1.1 200 OK"
2026-06-06 12:45:12,847 - INFO - HTTP Request: POST https://api.telegram.org/bot8201220396:AAFxvlvyeehQoJ7ZdyY9hPg08FnAdqaVhBw/getUpdates "HTTP/1.1 200 OK"
2026-06-06 12:45:23,033 - INFO - HTTP Request: POST https://api.telegram.org/bot8201220396:AAFxvlvyeehQoJ7ZdyY9hPg08FnAdqaVhBw/getUpdates "HTTP/1.1 200 OK"
2026-06-06 12:45:33,219 - INFO - HTTP Request: POST https://api.telegram.org/bot8201220396:AAFxvlvyeehQoJ7ZdyY9hPg08FnAdqaVhBw/getUpdates "HTTP/1.1 200 OK"
2026-06-06 12:45:43,405 - INFO - HTTP Request: POST https://api.telegram.org/bot8201220396:AAFxvlvyeehQoJ7ZdyY9hPg08FnAdqaVhBw/getUpdates "HTTP/1.1 200 OK"
2026-06-06 12:45:53,590 - INFO - HTTP Request: POST https://api.telegram.org/bot8201220396:AAFxvlvyeehQoJ7ZdyY9hPg08FnAdqaVhBw/getUpdates "HTTP/1.1 200 OK"
2026-06-06 12:46:03,778 - INFO - HTTP Request: POST https://api.telegram.org/bot8201220396:AAFxvlvyeehQoJ7ZdyY9hPg08FnAdqaVhBw/getUpdates "HTTP/1.1 200 OK"
2026-06-06 12:46:13,964 - INFO - HTTP Request: POST https://api.telegram.org/bot8201220396:AAFxvlvyeehQoJ7ZdyY9hPg08FnAdqaVhBw/getUpdates "HTTP/1.1 200 OK"
2026-06-06 12:46:24,150 - INFO - HTTP Request: POST https://api.telegram.org/bot8201220396:AAFxvlvyeehQoJ7ZdyY9hPg08FnAdqaVhBw/getUpdates "HTTP/1.1 200 OK"
2026-06-06 12:46:34,336 - INFO - HTTP Request: POST https://api.telegram.org/bot8201220396:AAFxvlvyeehQoJ7ZdyY9hPg08FnAdqaVhBw/getUpdates "HTTP/1.1 200 OK"
2026-06-06 12:46:44,521 - INFO - HTTP Request: POST https://api.telegram.org/bot8201220396:AAFxvlvyeehQoJ7ZdyY9hPg08FnAdqaVhBw/getUpdates "HTTP/1.1 200 OK"
2026-06-06 12:46:54,707 - INFO - HTTP Request: POST https://api.telegram.org/bot8201220396:AAFxvlvyeehQoJ7ZdyY9hPg08FnAdqaVhBw/getUpdates "HTTP/1.1 200 OK"
2026-06-06 12:47:04,895 - INFO - HTTP Request: POST https://api.telegram.org/bot8201220396:AAFxvlvyeehQoJ7ZdyY9hPg08FnAdqaVhBw/getUpdates "HTTP/1.1 200 OK"
2026-06-06 12:47:15,081 - INFO - HTTP Request: POST https://api.telegram.org/bot8201220396:AAFxvlvyeehQoJ7ZdyY9hPg08FnAdqaVhBw/getUpdates "HTTP/1.1 200 OK"
2026-06-06 12:47:25,267 - INFO - HTTP Request: POST https://api.telegram.org/bot8201220396:AAFxvlvyeehQoJ7ZdyY9hPg08FnAdqaVhBw/getUpdates "HTTP/1.1 200 OK"
2026-06-06 12:47:35,454 - INFO - HTTP Request: POST https://api.telegram.org/bot8201220396:AAFxvlvyeehQoJ7ZdyY9hPg08FnAdqaVhBw/getUpdates "HTTP/1.1 200 OK"
2026-06-06 12:47:45,640 - INFO - HTTP Request: POST https://api.telegram.org/bot8201220396:AAFxvlvyeehQoJ7ZdyY9hPg08FnAdqaVhBw/getUpdates "HTTP/1.1 200 OK"
2026-06-06 12:47:55,826 - INFO - HTTP Request: POST https://api.telegram.org/bot8201220396:AAFxvlvyeehQoJ7ZdyY9hPg08FnAdqaVhBw/getUpdates "HTTP/1.1 200 OK"
2026-06-06 12:48:06,012 - INFO - HTTP Request: POST https://api.telegram.org/bot8201220396:AAFxvlvyeehQoJ7ZdyY9hPg08FnAdqaVhBw/getUpdates "HTTP/1.1 200 OK"
2026-06-06 12:48:16,198 - INFO - HTTP Request: POST https://api.telegram.org/bot8201220396:AAFxvlvyeehQoJ7ZdyY9hPg08FnAdqaVhBw/getUpdates "HTTP/1.1 200 OK"
2026-06-06 12:48:26,385 - INFO - HTTP Request: POST https://api.telegram.org/bot8201220396:AAFxvlvyeehQoJ7ZdyY9hPg08FnAdqaVhBw/getUpdates "HTTP/1.1 200 OK"
2026-06-06 12:48:36,572 - INFO - HTTP Request: POST https://api.telegram.org/bot8201220396:AAFxvlvyeehQoJ7ZdyY9hPg08FnAdqaVhBw/getUpdates "HTTP/1.1 200 OK"
2026-06-06 12:48:46,757 - INFO - HTTP Request: POST https://api.telegram.org/bot8201220396:AAFxvlvyeehQoJ7ZdyY9hPg08FnAdqaVhBw/getUpdates "HTTP/1.1 200 OK"
2026-06-06 12:48:56,943 - INFO - HTTP Request: POST https://api.telegram.org/bot8201220396:AAFxvlvyeehQoJ7ZdyY9hPg08FnAdqaVhBw/getUpdates "HTTP/1.1 200 OK"
2026-06-06 12:49:07,131 - INFO - HTTP Request: POST https://api.telegram.org/bot8201220396:AAFxvlvyeehQoJ7ZdyY9hPg08FnAdqaVhBw/getUpdates "HTTP/1.1 200 OK"
2026-06-06 12:49:17,317 - INFO - HTTP Request: POST https://api.telegram.org/bot8201220396:AAFxvlvyeehQoJ7ZdyY9hPg08FnAdqaVhBw/getUpdates "HTTP/1.1 200 OK"
2026-06-06 12:49:27,507 - INFO - HTTP Request: POST https://api.telegram.org/bot8201220396:AAFxvlvyeehQoJ7ZdyY9hPg08FnAdqaVhBw/getUpdates "HTTP/1.1 200 OK"
2026-06-06 12:49:37,693 - INFO - HTTP Request: POST https://api.telegram.org/bot8201220396:AAFxvlvyeehQoJ7ZdyY9hPg08FnAdqaVhBw/getUpdates "HTTP/1.1 200 OK"
2026-06-06 12:49:47,880 - INFO - HTTP Request: POST https://api.telegram.org/bot8201220396:AAFxvlvyeehQoJ7ZdyY9hPg08FnAdqaVhBw/getUpdates "HTTP/1.1 200 OK"
2026-06-06 12:49:58,126 - INFO - HTTP Request: POST https://api.telegram.org/bot8201220396:AAFxvlvyeehQoJ7ZdyY9hPg08FnAdqaVhBw/getUpdates "HTTP/1.1 200 OK"
2026-06-06 12:50:08,312 - INFO - HTTP Request: POST https://api.telegram.org/bot8201220396:AAFxvlvyeehQoJ7ZdyY9hPg08FnAdqaVhBw/getUpdates "HTTP/1.1 200 OK"
2026-06-06 12:50:18,500 - INFO - HTTP Request: POST https://api.telegram.org/bot8201220396:AAFxvlvyeehQoJ7ZdyY9hPg08FnAdqaVhBw/getUpdates "HTTP/1.1 200 OK"
2026-06-06 12:50:28,686 - INFO - HTTP Request: POST https://api.telegram.org/bot8201220396:AAFxvlvyeehQoJ7ZdyY9hPg08FnAdqaVhBw/getUpdates "HTTP/1.1 200 OK"
2026-06-06 12:50:38,872 - INFO - HTTP Request: POST https://api.telegram.org/bot8201220396:AAFxvlvyeehQoJ7ZdyY9hPg08FnAdqaVhBw/getUpdates "HTTP/1.1 200 OK"
2026-06-06 12:50:49,060 - INFO - HTTP Request: POST https://api.telegram.org/bot8201220396:AAFxvlvyeehQoJ7ZdyY9hPg08FnAdqaVhBw/getUpdates "HTTP/1.1 200 OK"
2026-06-06 12:50:59,245 - INFO - HTTP Request: POST https://api.telegram.org/bot8201220396:AAFxvlvyeehQoJ7ZdyY9hPg08FnAdqaVhBw/getUpdates "HTTP/1.1 200 OK"
2026-06-06 12:51:09,431 - INFO - HTTP Request: POST https://api.telegram.org/bot8201220396:AAFxvlvyeehQoJ7ZdyY9hPg08FnAdqaVhBw/getUpdates "HTTP/1.1 200 OK"
2026-06-06 12:51:19,617 - INFO - HTTP Request: POST https://api.telegram.org/bot8201220396:AAFxvlvyeehQoJ7ZdyY9hPg08FnAdqaVhBw/getUpdates "HTTP/1.1 200 OK"
2026-06-06 12:51:29,829 - INFO - HTTP Request: POST https://api.telegram.org/bot8201220396:AAFxvlvyeehQoJ7ZdyY9hPg08FnAdqaVhBw/getUpdates "HTTP/1.1 200 OK"
2026-06-06 12:51:40,043 - INFO - HTTP Request: POST https://api.telegram.org/bot8201220396:AAFxvlvyeehQoJ7ZdyY9hPg08FnAdqaVhBw/getUpdates "HTTP/1.1 200 OK"
2026-06-06 12:51:50,232 - INFO - HTTP Request: POST https://api.telegram.org/bot8201220396:AAFxvlvyeehQoJ7ZdyY9hPg08FnAdqaVhBw/getUpdates "HTTP/1.1 200 OK"
2026-06-06 12:52:00,420 - INFO - HTTP Request: POST https://api.telegram.org/bot8201220396:AAFxvlvyeehQoJ7ZdyY9hPg08FnAdqaVhBw/getUpdates "HTTP/1.1 200 OK"
2026-06-06 12:52:10,605 - INFO - HTTP Request: POST https://api.telegram.org/bot8201220396:AAFxvlvyeehQoJ7ZdyY9hPg08FnAdqaVhBw/getUpdates "HTTP/1.1 200 OK"
2026-06-06 12:52:20,791 - INFO - HTTP Request: POST https://api.telegram.org/bot8201220396:AAFxvlvyeehQoJ7ZdyY9hPg08FnAdqaVhBw/getUpdates "HTTP/1.1 200 OK"
2026-06-06 12:52:30,976 - INFO - HTTP Request: POST https://api.telegram.org/bot8201220396:AAFxvlvyeehQoJ7ZdyY9hPg08FnAdqaVhBw/getUpdates "HTTP/1.1 200 OK"
2026-06-06 12:52:41,163 - INFO - HTTP Request: POST https://api.telegram.org/bot8201220396:AAFxvlvyeehQoJ7ZdyY9hPg08FnAdqaVhBw/getUpdates "HTTP/1.1 200 OK"
2026-06-06 12:52:51,349 - INFO - HTTP Request: POST https://api.telegram.org/bot8201220396:AAFxvlvyeehQoJ7ZdyY9hPg08FnAdqaVhBw/getUpdates "HTTP/1.1 200 OK"
2026-06-06 12:53:01,539 - INFO - HTTP Request: POST https://api.telegram.org/bot8201220396:AAFxvlvyeehQoJ7ZdyY9hPg08FnAdqaVhBw/getUpdates "HTTP/1.1 200 OK"
2026-06-06 12:53:11,724 - INFO - HTTP Request: POST https://api.telegram.org/bot8201220396:AAFxvlvyeehQoJ7ZdyY9hPg08FnAdqaVhBw/getUpdates "HTTP/1.1 200 OK"
2026-06-06 12:53:21,911 - INFO - HTTP Request: POST https://api.telegram.org/bot8201220396:AAFxvlvyeehQoJ7ZdyY9hPg08FnAdqaVhBw/getUpdates "HTTP/1.1 200 OK"
2026-06-06 12:53:32,098 - INFO - HTTP Request: POST https://api.telegram.org/bot8201220396:AAFxvlvyeehQoJ7ZdyY9hPg08FnAdqaVhBw/getUpdates "HTTP/1.1 200 OK"
2026-06-06 12:53:42,285 - INFO - HTTP Request: POST https://api.telegram.org/bot8201220396:AAFxvlvyeehQoJ7ZdyY9hPg08FnAdqaVhBw/getUpdates "HTTP/1.1 200 OK"
2026-06-06 12:53:52,471 - INFO - HTTP Request: POST https://api.telegram.org/bot8201220396:AAFxvlvyeehQoJ7ZdyY9hPg08FnAdqaVhBw/getUpdates "HTTP/1.1 200 OK"
2026-06-06 12:54:02,658 - INFO - HTTP Request: POST https://api.telegram.org/bot8201220396:AAFxvlvyeehQoJ7ZdyY9hPg08FnAdqaVhBw/getUpdates "HTTP/1.1 200 OK"
2026-06-06 12:54:12,844 - INFO - HTTP Request: POST https://api.telegram.org/bot8201220396:AAFxvlvyeehQoJ7ZdyY9hPg08FnAdqaVhBw/getUpdates "HTTP/1.1 200 OK"
2026-06-06 12:54:23,029 - INFO - HTTP Request: POST https://api.telegram.org/bot8201220396:AAFxvlvyeehQoJ7ZdyY9hPg08FnAdqaVhBw/getUpdates "HTTP/1.1 200 OK"
2026-06-06 12:54:33,217 - INFO - HTTP Request: POST https://api.telegram.org/bot8201220396:AAFxvlvyeehQoJ7ZdyY9hPg08FnAdqaVhBw/getUpdates "HTTP/1.1 200 OK"
2026-06-06 12:54:43,403 - INFO - HTTP Request: POST https://api.telegram.org/bot8201220396:AAFxvlvyeehQoJ7ZdyY9hPg08FnAdqaVhBw/getUpdates "HTTP/1.1 200 OK"
2026-06-06 12:54:53,589 - INFO - HTTP Request: POST https://api.telegram.org/bot8201220396:AAFxvlvyeehQoJ7ZdyY9hPg08FnAdqaVhBw/getUpdates "HTTP/1.1 200 OK"
2026-06-06 12:55:03,774 - INFO - HTTP Request: POST https://api.telegram.org/bot8201220396:AAFxvlvyeehQoJ7ZdyY9hPg08FnAdqaVhBw/getUpdates "HTTP/1.1 200 OK"
2026-06-06 12:55:13,961 - INFO - HTTP Request: POST https://api.telegram.org/bot8201220396:AAFxvlvyeehQoJ7ZdyY9hPg08FnAdqaVhBw/getUpdates "HTTP/1.1 200 OK"
2026-06-06 12:55:24,148 - INFO - HTTP Request: POST https://api.telegram.org/bot8201220396:AAFxvlvyeehQoJ7ZdyY9hPg08FnAdqaVhBw/getUpdates "HTTP/1.1 200 OK"
2026-06-06 12:55:34,333 - INFO - HTTP Request: POST https://api.telegram.org/bot8201220396:AAFxvlvyeehQoJ7ZdyY9hPg08FnAdqaVhBw/getUpdates "HTTP/1.1 200 OK"
2026-06-06 12:55:44,521 - INFO - HTTP Request: POST https://api.telegram.org/bot8201220396:AAFxvlvyeehQoJ7ZdyY9hPg08FnAdqaVhBw/getUpdates "HTTP/1.1 200 OK"
2026-06-06 12:55:54,708 - INFO - HTTP Request: POST https://api.telegram.org/bot8201220396:AAFxvlvyeehQoJ7ZdyY9hPg08FnAdqaVhBw/getUpdates "HTTP/1.1 200 OK"
2026-06-06 12:56:04,893 - INFO - HTTP Request: POST https://api.telegram.org/bot8201220396:AAFxvlvyeehQoJ7ZdyY9hPg08FnAdqaVhBw/getUpdates "HTTP/1.1 200 OK"
2026-06-06 12:56:15,080 - INFO - HTTP Request: POST https://api.telegram.org/bot8201220396:AAFxvlvyeehQoJ7ZdyY9hPg08FnAdqaVhBw/getUpdates "HTTP/1.1 200 OK"
2026-06-06 12:56:25,266 - INFO - HTTP Request: POST https://api.telegram.org/bot8201220396:AAFxvlvyeehQoJ7ZdyY9hPg08FnAdqaVhBw/getUpdates "HTTP/1.1 200 OK"
2026-06-06 12:56:35,453 - INFO - HTTP Request: POST https://api.telegram.org/bot8201220396:AAFxvlvyeehQoJ7ZdyY9hPg08FnAdqaVhBw/getUpdates "HTTP/1.1 200 OK"
2026-06-06 12:56:45,640 - INFO - HTTP Request: POST https://api.telegram.org/bot8201220396:AAFxvlvyeehQoJ7ZdyY9hPg08FnAdqaVhBw/getUpdates "HTTP/1.1 200 OK"
2026-06-06 12:56:55,826 - INFO - HTTP Request: POST https://api.telegram.org/bot8201220396:AAFxvlvyeehQoJ7ZdyY9hPg08FnAdqaVhBw/getUpdates "HTTP/1.1 200 OK"
2026-06-06 12:57:06,015 - INFO - HTTP Request: POST https://api.telegram.org/bot8201220396:AAFxvlvyeehQoJ7ZdyY9hPg08FnAdqaVhBw/getUpdates "HTTP/1.1 200 OK"
2026-06-06 12:57:16,201 - INFO - HTTP Request: POST https://api.telegram.org/bot8201220396:AAFxvlvyeehQoJ7ZdyY9hPg08FnAdqaVhBw/getUpdates "HTTP/1.1 200 OK"
2026-06-06 12:57:26,388 - INFO - HTTP Request: POST https://api.telegram.org/bot8201220396:AAFxvlvyeehQoJ7ZdyY9hPg08FnAdqaVhBw/getUpdates "HTTP/1.1 200 OK"
2026-06-06 12:57:36,575 - INFO - HTTP Request: POST https://api.telegram.org/bot8201220396:AAFxvlvyeehQoJ7ZdyY9hPg08FnAdqaVhBw/getUpdates "HTTP/1.1 200 OK"
2026-06-06 12:57:46,761 - INFO - HTTP Request: POST https://api.telegram.org/bot8201220396:AAFxvlvyeehQoJ7ZdyY9hPg08FnAdqaVhBw/getUpdates "HTTP/1.1 200 OK"
2026-06-06 12:57:56,948 - INFO - HTTP Request: POST https://api.telegram.org/bot8201220396:AAFxvlvyeehQoJ7ZdyY9hPg08FnAdqaVhBw/getUpdates "HTTP/1.1 200 OK"
2026-06-06 12:58:07,136 - INFO - HTTP Request: POST https://api.telegram.org/bot8201220396:AAFxvlvyeehQoJ7ZdyY9hPg08FnAdqaVhBw/getUpdates "HTTP/1.1 200 OK"
2026-06-06 12:58:17,322 - INFO - HTTP Request: POST https://api.telegram.org/bot8201220396:AAFxvlvyeehQoJ7ZdyY9hPg08FnAdqaVhBw/getUpdates "HTTP/1.1 200 OK"
2026-06-06 12:58:27,528 - INFO - HTTP Request: POST https://api.telegram.org/bot8201220396:AAFxvlvyeehQoJ7ZdyY9hPg08FnAdqaVhBw/getUpdates "HTTP/1.1 200 OK"
2026-06-06 12:58:37,743 - INFO - HTTP Request: POST https://api.telegram.org/bot8201220396:AAFxvlvyeehQoJ7ZdyY9hPg08FnAdqaVhBw/getUpdates "HTTP/1.1 200 OK"
2026-06-06 12:58:47,934 - INFO - HTTP Request: POST https://api.telegram.org/bot8201220396:AAFxvlvyeehQoJ7ZdyY9hPg08FnAdqaVhBw/getUpdates "HTTP/1.1 200 OK"
2026-06-06 12:58:58,119 - INFO - HTTP Request: POST https://api.telegram.org/bot8201220396:AAFxvlvyeehQoJ7ZdyY9hPg08FnAdqaVhBw/getUpdates "HTTP/1.1 200 OK"
2026-06-06 12:59:08,304 - INFO - HTTP Request: POST https://api.telegram.org/bot8201220396:AAFxvlvyeehQoJ7ZdyY9hPg08FnAdqaVhBw/getUpdates "HTTP/1.1 200 OK"
2026-06-06 12:59:18,924 - INFO - HTTP Request: POST https://api.telegram.org/bot8201220396:AAFxvlvyeehQoJ7ZdyY9hPg08FnAdqaVhBw/getUpdates "HTTP/1.1 200 OK"
2026-06-06 12:59:29,142 - INFO - HTTP Request: POST https://api.telegram.org/bot8201220396:AAFxvlvyeehQoJ7ZdyY9hPg08FnAdqaVhBw/getUpdates "HTTP/1.1 200 OK"
2026-06-06 12:59:39,348 - INFO - HTTP Request: POST https://api.telegram.org/bot8201220396:AAFxvlvyeehQoJ7ZdyY9hPg08FnAdqaVhBw/getUpdates "HTTP/1.1 200 OK"
2026-06-06 12:59:49,553 - INFO - HTTP Request: POST https://api.telegram.org/bot8201220396:AAFxvlvyeehQoJ7ZdyY9hPg08FnAdqaVhBw/getUpdates "HTTP/1.1 200 OK"
2026-06-06 12:59:59,758 - INFO - HTTP Request: POST https://api.telegram.org/bot8201220396:AAFxvlvyeehQoJ7ZdyY9hPg08FnAdqaVhBw/getUpdates "HTTP/1.1 200 OK"
2026-06-06 13:00:09,963 - INFO - HTTP Request: POST https://api.telegram.org/bot8201220396:AAFxvlvyeehQoJ7ZdyY9hPg08FnAdqaVhBw/getUpdates "HTTP/1.1 200 OK"
2026-06-06 13:00:20,168 - INFO - HTTP Request: POST https://api.telegram.org/bot8201220396:AAFxvlvyeehQoJ7ZdyY9hPg08FnAdqaVhBw/getUpdates "HTTP/1.1 200 OK"
2026-06-06 13:00:30,373 - INFO - HTTP Request: POST https://api.telegram.org/bot8201220396:AAFxvlvyeehQoJ7ZdyY9hPg08FnAdqaVhBw/getUpdates "HTTP/1.1 200 OK"
2026-06-06 13:00:40,577 - INFO - HTTP Request: POST https://api.telegram.org/bot8201220396:AAFxvlvyeehQoJ7ZdyY9hPg08FnAdqaVhBw/getUpdates "HTTP/1.1 200 OK"
2026-06-06 13:00:50,782 - INFO - HTTP Request: POST https://api.telegram.org/bot8201220396:AAFxvlvyeehQoJ7ZdyY9hPg08FnAdqaVhBw/getUpdates "HTTP/1.1 200 OK"
2026-06-06 13:01:01,049 - INFO - HTTP Request: POST https://api.telegram.org/bot8201220396:AAFxvlvyeehQoJ7ZdyY9hPg08FnAdqaVhBw/getUpdates "HTTP/1.1 200 OK"
2026-06-06 13:01:11,259 - INFO - HTTP Request: POST https://api.telegram.org/bot8201220396:AAFxvlvyeehQoJ7ZdyY9hPg08FnAdqaVhBw/getUpdates "HTTP/1.1 200 OK"
2026-06-06 13:01:21,464 - INFO - HTTP Request: POST https://api.telegram.org/bot8201220396:AAFxvlvyeehQoJ7ZdyY9hPg08FnAdqaVhBw/getUpdates "HTTP/1.1 200 OK"
2026-06-06 13:01:31,668 - INFO - HTTP Request: POST https://api.telegram.org/bot8201220396:AAFxvlvyeehQoJ7ZdyY9hPg08FnAdqaVhBw/getUpdates "HTTP/1.1 200 OK"
2026-06-06 13:01:35,193 - INFO - HTTP Request: POST https://api.telegram.org/bot8201220396:AAFxvlvyeehQoJ7ZdyY9hPg08FnAdqaVhBw/getUpdates "HTTP/1.1 200 OK"
2026-06-06 13:01:36,026 - INFO - HTTP Request: POST https://api.telegram.org/bot8201220396:AAFxvlvyeehQoJ7ZdyY9hPg08FnAdqaVhBw/sendMessage "HTTP/1.1 200 OK"
2026-06-06 13:01:45,422 - INFO - HTTP Request: POST https://api.telegram.org/bot8201220396:AAFxvlvyeehQoJ7ZdyY9hPg08FnAdqaVhBw/getUpdates "HTTP/1.1 200 OK"
2026-06-06 13:01:55,627 - INFO - HTTP Request: POST https://api.telegram.org/bot8201220396:AAFxvlvyeehQoJ7ZdyY9hPg08FnAdqaVhBw/getUpdates "HTTP/1.1 200 OK"
2026-06-06 13:02:05,842 - INFO - HTTP Request: POST https://api.telegram.org/bot8201220396:AAFxvlvyeehQoJ7ZdyY9hPg08FnAdqaVhBw/getUpdates "HTTP/1.1 200 OK"
2026-06-06 13:02:16,049 - INFO - HTTP Request: POST https://api.telegram.org/bot8201220396:AAFxvlvyeehQoJ7ZdyY9hPg08FnAdqaVhBw/getUpdates "HTTP/1.1 200 OK"
2026-06-06 13:02:26,553 - INFO - HTTP Request: POST https://api.telegram.org/bot8201220396:AAFxvlvyeehQoJ7ZdyY9hPg08FnAdqaVhBw/getUpdates "HTTP/1.1 200 OK"
2026-06-06 13:02:36,761 - INFO - HTTP Request: POST https://api.telegram.org/bot8201220396:AAFxvlvyeehQoJ7ZdyY9hPg08FnAdqaVhBw/getUpdates "HTTP/1.1 200 OK"
2026-06-06 13:02:46,968 - INFO - HTTP Request: POST https://api.telegram.org/bot8201220396:AAFxvlvyeehQoJ7ZdyY9hPg08FnAdqaVhBw/getUpdates "HTTP/1.1 200 OK"
2026-06-06 13:02:57,173 - INFO - HTTP Request: POST https://api.telegram.org/bot8201220396:AAFxvlvyeehQoJ7ZdyY9hPg08FnAdqaVhBw/getUpdates "HTTP/1.1 200 OK"
2026-06-06 13:03:07,378 - INFO - HTTP Request: POST https://api.telegram.org/bot8201220396:AAFxvlvyeehQoJ7ZdyY9hPg08FnAdqaVhBw/getUpdates "HTTP/1.1 200 OK"
2026-06-06 13:03:17,585 - INFO - HTTP Request: POST https://api.telegram.org/bot8201220396:AAFxvlvyeehQoJ7ZdyY9hPg08FnAdqaVhBw/getUpdates "HTTP/1.1 200 OK"
2026-06-06 13:03:27,791 - INFO - HTTP Request: POST https://api.telegram.org/bot8201220396:AAFxvlvyeehQoJ7ZdyY9hPg08FnAdqaVhBw/getUpdates "HTTP/1.1 200 OK"
2026-06-06 13:03:37,996 - INFO - HTTP Request: POST https://api.telegram.org/bot8201220396:AAFxvlvyeehQoJ7ZdyY9hPg08FnAdqaVhBw/getUpdates "HTTP/1.1 200 OK"
2026-06-06 13:03:48,201 - INFO - HTTP Request: POST https://api.telegram.org/bot8201220396:AAFxvlvyeehQoJ7ZdyY9hPg08FnAdqaVhBw/getUpdates "HTTP/1.1 200 OK"
2026-06-06 13:03:58,406 - INFO - HTTP Request: POST https://api.telegram.org/bot8201220396:AAFxvlvyeehQoJ7ZdyY9hPg08FnAdqaVhBw/getUpdates "HTTP/1.1 200 OK"
2026-06-06 13:04:08,642 - INFO - HTTP Request: POST https://api.telegram.org/bot8201220396:AAFxvlvyeehQoJ7ZdyY9hPg08FnAdqaVhBw/getUpdates "HTTP/1.1 200 OK"
2026-06-06 13:04:18,847 - INFO - HTTP Request: POST https://api.telegram.org/bot8201220396:AAFxvlvyeehQoJ7ZdyY9hPg08FnAdqaVhBw/getUpdates "HTTP/1.1 200 OK"
2026-06-06 13:04:29,053 - INFO - HTTP Request: POST https://api.telegram.org/bot8201220396:AAFxvlvyeehQoJ7ZdyY9hPg08FnAdqaVhBw/getUpdates "HTTP/1.1 200 OK"
2026-06-06 13:04:39,258 - INFO - HTTP Request: POST https://api.telegram.org/bot8201220396:AAFxvlvyeehQoJ7ZdyY9hPg08FnAdqaVhBw/getUpdates "HTTP/1.1 200 OK"
2026-06-06 13:04:49,462 - INFO - HTTP Request: POST https://api.telegram.org/bot8201220396:AAFxvlvyeehQoJ7ZdyY9hPg08FnAdqaVhBw/getUpdates "HTTP/1.1 200 OK"
2026-06-06 13:04:59,668 - INFO - HTTP Request: POST https://api.telegram.org/bot8201220396:AAFxvlvyeehQoJ7ZdyY9hPg08FnAdqaVhBw/getUpdates "HTTP/1.1 200 OK"
2026-06-06 13:05:09,873 - INFO - HTTP Request: POST https://api.telegram.org/bot8201220396:AAFxvlvyeehQoJ7ZdyY9hPg08FnAdqaVhBw/getUpdates "HTTP/1.1 200 OK"
2026-06-06 13:05:20,078 - INFO - HTTP Request: POST https://api.telegram.org/bot8201220396:AAFxvlvyeehQoJ7ZdyY9hPg08FnAdqaVhBw/getUpdates "HTTP/1.1 200 OK"
2026-06-06 13:05:30,287 - INFO - HTTP Request: POST https://api.telegram.org/bot8201220396:AAFxvlvyeehQoJ7ZdyY9hPg08FnAdqaVhBw/getUpdates "HTTP/1.1 200 OK"
2026-06-06 13:05:40,492 - INFO - HTTP Request: POST https://api.telegram.org/bot8201220396:AAFxvlvyeehQoJ7ZdyY9hPg08FnAdqaVhBw/getUpdates "HTTP/1.1 200 OK"
2026-06-06 13:05:50,700 - INFO - HTTP Request: POST https://api.telegram.org/bot8201220396:AAFxvlvyeehQoJ7ZdyY9hPg08FnAdqaVhBw/getUpdates "HTTP/1.1 200 OK"
2026-06-06 13:06:00,905 - INFO - HTTP Request: POST https://api.telegram.org/bot8201220396:AAFxvlvyeehQoJ7ZdyY9hPg08FnAdqaVhBw/getUpdates "HTTP/1.1 200 OK"
2026-06-06 13:06:11,110 - INFO - HTTP Request: POST https://api.telegram.org/bot8201220396:AAFxvlvyeehQoJ7ZdyY9hPg08FnAdqaVhBw/getUpdates "HTTP/1.1 200 OK"
2026-06-06 13:06:21,315 - INFO - HTTP Request: POST https://api.telegram.org/bot8201220396:AAFxvlvyeehQoJ7ZdyY9hPg08FnAdqaVhBw/getUpdates "HTTP/1.1 200 OK"
2026-06-06 13:06:31,542 - INFO - HTTP Request: POST https://api.telegram.org/bot8201220396:AAFxvlvyeehQoJ7ZdyY9hPg08FnAdqaVhBw/getUpdates "HTTP/1.1 200 OK"
2026-06-06 13:06:41,747 - INFO - HTTP Request: POST https://api.telegram.org/bot8201220396:AAFxvlvyeehQoJ7ZdyY9hPg08FnAdqaVhBw/getUpdates "HTTP/1.1 200 OK"
2026-06-06 13:06:51,951 - INFO - HTTP Request: POST https://api.telegram.org/bot8201220396:AAFxvlvyeehQoJ7ZdyY9hPg08FnAdqaVhBw/getUpdates "HTTP/1.1 200 OK"
2026-06-06 13:07:02,156 - INFO - HTTP Request: POST https://api.telegram.org/bot8201220396:AAFxvlvyeehQoJ7ZdyY9hPg08FnAdqaVhBw/getUpdates "HTTP/1.1 200 OK"
2026-06-06 13:07:12,361 - INFO - HTTP Request: POST https://api.telegram.org/bot8201220396:AAFxvlvyeehQoJ7ZdyY9hPg08FnAdqaVhBw/getUpdates "HTTP/1.1 200 OK"
2026-06-06 13:07:22,565 - INFO - HTTP Request: POST https://api.telegram.org/bot8201220396:AAFxvlvyeehQoJ7ZdyY9hPg08FnAdqaVhBw/getUpdates "HTTP/1.1 200 OK"
2026-06-06 13:07:32,770 - INFO - HTTP Request: POST https://api.telegram.org/bot8201220396:AAFxvlvyeehQoJ7ZdyY9hPg08FnAdqaVhBw/getUpdates "HTTP/1.1 200 OK"
2026-06-06 13:07:42,976 - INFO - HTTP Request: POST https://api.telegram.org/bot8201220396:AAFxvlvyeehQoJ7ZdyY9hPg08FnAdqaVhBw/getUpdates "HTTP/1.1 200 OK"
2026-06-06 13:07:53,184 - INFO - HTTP Request: POST https://api.telegram.org/bot8201220396:AAFxvlvyeehQoJ7ZdyY9hPg08FnAdqaVhBw/getUpdates "HTTP/1.1 200 OK"
2026-06-06 13:08:03,390 - INFO - HTTP Request: POST https://api.telegram.org/bot8201220396:AAFxvlvyeehQoJ7ZdyY9hPg08FnAdqaVhBw/getUpdates "HTTP/1.1 200 OK"
2026-06-06 13:08:13,594 - INFO - HTTP Request: POST https://api.telegram.org/bot8201220396:AAFxvlvyeehQoJ7ZdyY9hPg08FnAdqaVhBw/getUpdates "HTTP/1.1 200 OK"
2026-06-06 13:08:23,802 - INFO - HTTP Request: POST https://api.telegram.org/bot8201220396:AAFxvlvyeehQoJ7ZdyY9hPg08FnAdqaVhBw/getUpdates "HTTP/1.1 200 OK"
2026-06-06 13:08:34,007 - INFO - HTTP Request: POST https://api.telegram.org/bot8201220396:AAFxvlvyeehQoJ7ZdyY9hPg08FnAdqaVhBw/getUpdates "HTTP/1.1 200 OK"
2026-06-06 13:08:44,212 - INFO - HTTP Request: POST https://api.telegram.org/bot8201220396:AAFxvlvyeehQoJ7ZdyY9hPg08FnAdqaVhBw/getUpdates "HTTP/1.1 200 OK"
2026-06-06 13:08:54,442 - INFO - HTTP Request: POST https://api.telegram.org/bot8201220396:AAFxvlvyeehQoJ7ZdyY9hPg08FnAdqaVhBw/getUpdates "HTTP/1.1 200 OK"
2026-06-06 13:09:04,649 - INFO - HTTP Request: POST https://api.telegram.org/bot8201220396:AAFxvlvyeehQoJ7ZdyY9hPg08FnAdqaVhBw/getUpdates "HTTP/1.1 200 OK"
2026-06-06 13:09:14,854 - INFO - HTTP Request: POST https://api.telegram.org/bot8201220396:AAFxvlvyeehQoJ7ZdyY9hPg08FnAdqaVhBw/getUpdates "HTTP/1.1 200 OK"
2026-06-06 13:09:25,060 - INFO - HTTP Request: POST https://api.telegram.org/bot8201220396:AAFxvlvyeehQoJ7ZdyY9hPg08FnAdqaVhBw/getUpdates "HTTP/1.1 200 OK"
2026-06-06 13:09:35,266 - INFO - HTTP Request: POST https://api.telegram.org/bot8201220396:AAFxvlvyeehQoJ7ZdyY9hPg08FnAdqaVhBw/getUpdates "HTTP/1.1 200 OK"
2026-06-06 13:09:45,470 - INFO - HTTP Request: POST https://api.telegram.org/bot8201220396:AAFxvlvyeehQoJ7ZdyY9hPg08FnAdqaVhBw/getUpdates "HTTP/1.1 200 OK"
2026-06-06 13:09:55,676 - INFO - HTTP Request: POST https://api.telegram.org/bot8201220396:AAFxvlvyeehQoJ7ZdyY9hPg08FnAdqaVhBw/getUpdates "HTTP/1.1 200 OK"
2026-06-06 13:10:05,881 - INFO - HTTP Request: POST https://api.telegram.org/bot8201220396:AAFxvlvyeehQoJ7ZdyY9hPg08FnAdqaVhBw/getUpdates "HTTP/1.1 200 OK"
2026-06-06 13:10:16,086 - INFO - HTTP Request: POST https://api.telegram.org/bot8201220396:AAFxvlvyeehQoJ7ZdyY9hPg08FnAdqaVhBw/getUpdates "HTTP/1.1 200 OK"
2026-06-06 13:10:26,291 - INFO - HTTP Request: POST https://api.telegram.org/bot8201220396:AAFxvlvyeehQoJ7ZdyY9hPg08FnAdqaVhBw/getUpdates "HTTP/1.1 200 OK"
2026-06-06 13:10:36,546 - INFO - HTTP Request: POST https://api.telegram.org/bot8201220396:AAFxvlvyeehQoJ7ZdyY9hPg08FnAdqaVhBw/getUpdates "HTTP/1.1 200 OK"
2026-06-06 13:10:46,751 - INFO - HTTP Request: POST https://api.telegram.org/bot8201220396:AAFxvlvyeehQoJ7ZdyY9hPg08FnAdqaVhBw/getUpdates "HTTP/1.1 200 OK"
2026-06-06 13:10:56,956 - INFO - HTTP Request: POST https://api.telegram.org/bot8201220396:AAFxvlvyeehQoJ7ZdyY9hPg08FnAdqaVhBw/getUpdates "HTTP/1.1 200 OK"
2026-06-06 13:11:07,162 - INFO - HTTP Request: POST https://api.telegram.org/bot8201220396:AAFxvlvyeehQoJ7ZdyY9hPg08FnAdqaVhBw/getUpdates "HTTP/1.1 200 OK"
2026-06-06 13:11:17,370 - INFO - HTTP Request: POST https://api.telegram.org/bot8201220396:AAFxvlvyeehQoJ7ZdyY9hPg08FnAdqaVhBw/getUpdates "HTTP/1.1 200 OK"
2026-06-06 13:11:27,575 - INFO - HTTP Request: POST https://api.telegram.org/bot8201220396:AAFxvlvyeehQoJ7ZdyY9hPg08FnAdqaVhBw/getUpdates "HTTP/1.1 200 OK"
2026-06-06 13:11:31,673 - INFO - 127.0.0.1 - - [06/Jun/2026 13:11:31] "[33mGET /.env HTTP/1.1[0m" 404 -
2026-06-06 13:11:37,781 - INFO - HTTP Request: POST https://api.telegram.org/bot8201220396:AAFxvlvyeehQoJ7ZdyY9hPg08FnAdqaVhBw/getUpdates "HTTP/1.1 200 OK"
2026-06-06 13:11:47,987 - INFO - HTTP Request: POST https://api.telegram.org/bot8201220396:AAFxvlvyeehQoJ7ZdyY9hPg08FnAdqaVhBw/getUpdates "HTTP/1.1 200 OK"
2026-06-06 13:11:58,192 - INFO - HTTP Request: POST https://api.telegram.org/bot8201220396:AAFxvlvyeehQoJ7ZdyY9hPg08FnAdqaVhBw/getUpdates "HTTP/1.1 200 OK"
2026-06-06 13:12:02,024 - INFO - 13.58.194.181 - - [06/Jun/2026 13:12:02] "[33mGET / HTTP/1.1[0m" 404 -
2026-06-06 13:12:08,397 - INFO - HTTP Request: POST https://api.telegram.org/bot8201220396:AAFxvlvyeehQoJ7ZdyY9hPg08FnAdqaVhBw/getUpdates "HTTP/1.1 200 OK"
2026-06-06 13:12:18,601 - INFO - HTTP Request: POST https://api.telegram.org/bot8201220396:AAFxvlvyeehQoJ7ZdyY9hPg08FnAdqaVhBw/getUpdates "HTTP/1.1 200 OK"
2026-06-06 13:12:28,842 - INFO - HTTP Request: POST https://api.telegram.org/bot8201220396:AAFxvlvyeehQoJ7ZdyY9hPg08FnAdqaVhBw/getUpdates "HTTP/1.1 200 OK"
2026-06-06 13:12:39,046 - INFO - HTTP Request: POST https://api.telegram.org/bot8201220396:AAFxvlvyeehQoJ7ZdyY9hPg08FnAdqaVhBw/getUpdates "HTTP/1.1 200 OK"
2026-06-06 13:12:49,250 - INFO - HTTP Request: POST https://api.telegram.org/bot8201220396:AAFxvlvyeehQoJ7ZdyY9hPg08FnAdqaVhBw/getUpdates "HTTP/1.1 200 OK"
2026-06-06 13:12:59,456 - INFO - HTTP Request: POST https://api.telegram.org/bot8201220396:AAFxvlvyeehQoJ7ZdyY9hPg08FnAdqaVhBw/getUpdates "HTTP/1.1 200 OK"
2026-06-06 13:13:09,661 - INFO - HTTP Request: POST https://api.telegram.org/bot8201220396:AAFxvlvyeehQoJ7ZdyY9hPg08FnAdqaVhBw/getUpdates "HTTP/1.1 200 OK"
2026-06-06 13:13:16,035 - INFO - 13.58.194.181 - - [06/Jun/2026 13:13:16] "[33mGET / HTTP/1.1[0m" 404 -
2026-06-06 13:13:19,865 - INFO - HTTP Request: POST https://api.telegram.org/bot8201220396:AAFxvlvyeehQoJ7ZdyY9hPg08FnAdqaVhBw/getUpdates "HTTP/1.1 200 OK"
2026-06-06 13:13:30,072 - INFO - HTTP Request: POST https://api.telegram.org/bot8201220396:AAFxvlvyeehQoJ7ZdyY9hPg08FnAdqaVhBw/getUpdates "HTTP/1.1 200 OK"
2026-06-06 13:13:40,279 - INFO - HTTP Request: POST https://api.telegram.org/bot8201220396:AAFxvlvyeehQoJ7ZdyY9hPg08FnAdqaVhBw/getUpdates "HTTP/1.1 200 OK"
2026-06-06 13:13:50,484 - INFO - HTTP Request: POST https://api.telegram.org/bot8201220396:AAFxvlvyeehQoJ7ZdyY9hPg08FnAdqaVhBw/getUpdates "HTTP/1.1 200 OK"
2026-06-06 13:14:00,690 - INFO - HTTP Request: POST https://api.telegram.org/bot8201220396:AAFxvlvyeehQoJ7ZdyY9hPg08FnAdqaVhBw/getUpdates "HTTP/1.1 200 OK"
2026-06-06 13:14:10,894 - INFO - HTTP Request: POST https://api.telegram.org/bot8201220396:AAFxvlvyeehQoJ7ZdyY9hPg08FnAdqaVhBw/getUpdates "HTTP/1.1 200 OK"
2026-06-06 13:14:21,099 - INFO - HTTP Request: POST https://api.telegram.org/bot8201220396:AAFxvlvyeehQoJ7ZdyY9hPg08FnAdqaVhBw/getUpdates "HTTP/1.1 200 OK"
2026-06-06 13:14:31,305 - INFO - HTTP Request: POST https://api.telegram.org/bot8201220396:AAFxvlvyeehQoJ7ZdyY9hPg08FnAdqaVhBw/getUpdates "HTTP/1.1 200 OK"
2026-06-06 13:14:41,510 - INFO - HTTP Request: POST https://api.telegram.org/bot8201220396:AAFxvlvyeehQoJ7ZdyY9hPg08FnAdqaVhBw/getUpdates "HTTP/1.1 200 OK"
2026-06-06 13:14:51,742 - INFO - HTTP Request: POST https://api.telegram.org/bot8201220396:AAFxvlvyeehQoJ7ZdyY9hPg08FnAdqaVhBw/getUpdates "HTTP/1.1 200 OK"
2026-06-06 13:14:56,047 - ERROR - 13.58.194.181 - - [06/Jun/2026 13:14:56] code 400, message Bad request version ('À\x14À')
2026-06-06 13:14:56,047 - INFO - 13.58.194.181 - - [06/Jun/2026 13:14:56] "[35m[1m\x16\x03\x01\x01\x00\x01\x00\x00ü\x03\x03ñf¿G\x0b\x1eFh»\x04\x82DÚ_YY¯´ò\x9cÈ»\x7f\x93\x83ev\x80Fü0Í  \x94YÓ2g$B\x92\x1fDÅ\x84\x05pí\x7fJ\x95|ß'"Þ¯¤2\x896´A\x81\x00&Ì¨Ì©À/À0À+À,À\x13À\x09À\x14À[0m" HTTPStatus.BAD_REQUEST -
2026-06-06 13:15:01,948 - INFO - HTTP Request: POST https://api.telegram.org/bot8201220396:AAFxvlvyeehQoJ7ZdyY9hPg08FnAdqaVhBw/getUpdates "HTTP/1.1 200 OK"
2026-06-06 13:15:12,153 - INFO - HTTP Request: POST https://api.telegram.org/bot8201220396:AAFxvlvyeehQoJ7ZdyY9hPg08FnAdqaVhBw/getUpdates "HTTP/1.1 200 OK"
2026-06-06 13:15:22,359 - INFO - HTTP Request: POST https://api.telegram.org/bot8201220396:AAFxvlvyeehQoJ7ZdyY9hPg08FnAdqaVhBw/getUpdates "HTTP/1.1 200 OK"
2026-06-06 13:15:32,568 - INFO - HTTP Request: POST https://api.telegram.org/bot8201220396:AAFxvlvyeehQoJ7ZdyY9hPg08FnAdqaVhBw/getUpdates "HTTP/1.1 200 OK"
2026-06-06 13:15:42,773 - INFO - HTTP Request: POST https://api.telegram.org/bot8201220396:AAFxvlvyeehQoJ7ZdyY9hPg08FnAdqaVhBw/getUpdates "HTTP/1.1 200 OK"
2026-06-06 13:15:52,979 - INFO - HTTP Request: POST https://api.telegram.org/bot8201220396:AAFxvlvyeehQoJ7ZdyY9hPg08FnAdqaVhBw/getUpdates "HTTP/1.1 200 OK"
2026-06-06 13:16:01,054 - ERROR - 13.58.194.181 - - [06/Jun/2026 13:16:01] code 400, message Bad request version ('À\x14À')
2026-06-06 13:16:01,054 - INFO - 13.58.194.181 - - [06/Jun/2026 13:16:01] "[35m[1m\x16\x03\x01\x00î\x01\x00\x00ê\x03\x03sÞ%¢Ñ\x81Ð´Y¶Áp³Û\x1f¡hÄé$~UÕ¶£üê°\x98A*$ XpJñ4 \x18afý\x1eípawÁ¹Ê\x0fâu$\x0b\x06²Vì­§Åº\x10\x00&Ì¨Ì©À/À0À+À,À\x13À\x09À\x14À[0m" HTTPStatus.BAD_REQUEST -
2026-06-06 13:16:03,186 - INFO - HTTP Request: POST https://api.telegram.org/bot8201220396:AAFxvlvyeehQoJ7ZdyY9hPg08FnAdqaVhBw/getUpdates "HTTP/1.1 200 OK"
2026-06-06 13:16:13,445 - INFO - HTTP Request: POST https://api.telegram.org/bot8201220396:AAFxvlvyeehQoJ7ZdyY9hPg08FnAdqaVhBw/getUpdates "HTTP/1.1 200 OK"
2026-06-06 13:16:23,650 - INFO - HTTP Request: POST https://api.telegram.org/bot8201220396:AAFxvlvyeehQoJ7ZdyY9hPg08FnAdqaVhBw/getUpdates "HTTP/1.1 200 OK"
2026-06-06 13:16:33,855 - INFO - HTTP Request: POST https://api.telegram.org/bot8201220396:AAFxvlvyeehQoJ7ZdyY9hPg08FnAdqaVhBw/getUpdates "HTTP/1.1 200 OK"
2026-06-06 13:16:44,060 - INFO - HTTP Request: POST https://api.telegram.org/bot8201220396:AAFxvlvyeehQoJ7ZdyY9hPg08FnAdqaVhBw/getUpdates "HTTP/1.1 200 OK"
2026-06-06 13:16:54,265 - INFO - HTTP Request: POST https://api.telegram.org/bot8201220396:AAFxvlvyeehQoJ7ZdyY9hPg08FnAdqaVhBw/getUpdates "HTTP/1.1 200 OK"
2026-06-06 13:17:04,469 - INFO - HTTP Request: POST https://api.telegram.org/bot8201220396:AAFxvlvyeehQoJ7ZdyY9hPg08FnAdqaVhBw/getUpdates "HTTP/1.1 200 OK"
2026-06-06 13:17:14,675 - INFO - HTTP Request: POST https://api.telegram.org/bot8201220396:AAFxvlvyeehQoJ7ZdyY9hPg08FnAdqaVhBw/getUpdates "HTTP/1.1 200 OK"
2026-06-06 13:17:24,881 - INFO - HTTP Request: POST https://api.telegram.org/bot8201220396:AAFxvlvyeehQoJ7ZdyY9hPg08FnAdqaVhBw/getUpdates "HTTP/1.1 200 OK"
2026-06-06 13:17:35,086 - INFO - HTTP Request: POST https://api.telegram.org/bot8201220396:AAFxvlvyeehQoJ7ZdyY9hPg08FnAdqaVhBw/getUpdates "HTTP/1.1 200 OK"
2026-06-06 13:17:45,292 - INFO - HTTP Request: POST https://api.telegram.org/bot8201220396:AAFxvlvyeehQoJ7ZdyY9hPg08FnAdqaVhBw/getUpdates "HTTP/1.1 200 OK"
2026-06-06 13:17:55,497 - INFO - HTTP Request: POST https://api.telegram.org/bot8201220396:AAFxvlvyeehQoJ7ZdyY9hPg08FnAdqaVhBw/getUpdates "HTTP/1.1 200 OK"
2026-06-06 13:18:05,702 - INFO - HTTP Request: POST https://api.telegram.org/bot8201220396:AAFxvlvyeehQoJ7ZdyY9hPg08FnAdqaVhBw/getUpdates "HTTP/1.1 200 OK"
2026-06-06 13:18:15,907 - INFO - HTTP Request: POST https://api.telegram.org/bot8201220396:AAFxvlvyeehQoJ7ZdyY9hPg08FnAdqaVhBw/getUpdates "HTTP/1.1 200 OK"
2026-06-06 13:18:26,141 - INFO - HTTP Request: POST https://api.telegram.org/bot8201220396:AAFxvlvyeehQoJ7ZdyY9hPg08FnAdqaVhBw/getUpdates "HTTP/1.1 200 OK"
2026-06-06 13:18:36,347 - INFO - HTTP Request: POST https://api.telegram.org/bot8201220396:AAFxvlvyeehQoJ7ZdyY9hPg08FnAdqaVhBw/getUpdates "HTTP/1.1 200 OK"
2026-06-06 13:18:46,553 - INFO - HTTP Request: POST https://api.telegram.org/bot8201220396:AAFxvlvyeehQoJ7ZdyY9hPg08FnAdqaVhBw/getUpdates "HTTP/1.1 200 OK"
2026-06-06 13:18:56,759 - INFO - HTTP Request: POST https://api.telegram.org/bot8201220396:AAFxvlvyeehQoJ7ZdyY9hPg08FnAdqaVhBw/getUpdates "HTTP/1.1 200 OK"
2026-06-06 13:19:06,964 - INFO - HTTP Request: POST https://api.telegram.org/bot8201220396:AAFxvlvyeehQoJ7ZdyY9hPg08FnAdqaVhBw/getUpdates "HTTP/1.1 200 OK"
2026-06-06 13:19:17,169 - INFO - HTTP Request: POST https://api.telegram.org/bot8201220396:AAFxvlvyeehQoJ7ZdyY9hPg08FnAdqaVhBw/getUpdates "HTTP/1.1 200 OK"
2026-06-06 13:19:27,373 - INFO - HTTP Request: POST https://api.telegram.org/bot8201220396:AAFxvlvyeehQoJ7ZdyY9hPg08FnAdqaVhBw/getUpdates "HTTP/1.1 200 OK"
2026-06-06 13:19:37,578 - INFO - HTTP Request: POST https://api.telegram.org/bot8201220396:AAFxvlvyeehQoJ7ZdyY9hPg08FnAdqaVhBw/getUpdates "HTTP/1.1 200 OK"
2026-06-06 13:19:47,784 - INFO - HTTP Request: POST https://api.telegram.org/bot8201220396:AAFxvlvyeehQoJ7ZdyY9hPg08FnAdqaVhBw/getUpdates "HTTP/1.1 200 OK"
2026-06-06 13:19:58,042 - INFO - HTTP Request: POST https://api.telegram.org/bot8201220396:AAFxvlvyeehQoJ7ZdyY9hPg08FnAdqaVhBw/getUpdates "HTTP/1.1 200 OK"
2026-06-06 13:20:08,247 - INFO - HTTP Request: POST https://api.telegram.org/bot8201220396:AAFxvlvyeehQoJ7ZdyY9hPg08FnAdqaVhBw/getUpdates "HTTP/1.1 200 OK"
2026-06-06 13:20:18,453 - INFO - HTTP Request: POST https://api.telegram.org/bot8201220396:AAFxvlvyeehQoJ7ZdyY9hPg08FnAdqaVhBw/getUpdates "HTTP/1.1 200 OK"
2026-06-06 13:20:28,658 - INFO - HTTP Request: POST https://api.telegram.org/bot8201220396:AAFxvlvyeehQoJ7ZdyY9hPg08FnAdqaVhBw/getUpdates "HTTP/1.1 200 OK"
2026-06-06 13:20:38,863 - INFO - HTTP Request: POST https://api.telegram.org/bot8201220396:AAFxvlvyeehQoJ7ZdyY9hPg08FnAdqaVhBw/getUpdates "HTTP/1.1 200 OK"
2026-06-06 13:20:49,071 - INFO - HTTP Request: POST https://api.telegram.org/bot8201220396:AAFxvlvyeehQoJ7ZdyY9hPg08FnAdqaVhBw/getUpdates "HTTP/1.1 200 OK"
2026-06-06 13:20:59,276 - INFO - HTTP Request: POST https://api.telegram.org/bot8201220396:AAFxvlvyeehQoJ7ZdyY9hPg08FnAdqaVhBw/getUpdates "HTTP/1.1 200 OK"
2026-06-06 13:21:09,483 - INFO - HTTP Request: POST https://api.telegram.org/bot8201220396:AAFxvlvyeehQoJ7ZdyY9hPg08FnAdqaVhBw/getUpdates "HTTP/1.1 200 OK"
2026-06-06 13:21:19,743 - INFO - HTTP Request: POST https://api.telegram.org/bot8201220396:AAFxvlvyeehQoJ7ZdyY9hPg08FnAdqaVhBw/getUpdates "HTTP/1.1 200 OK"
2026-06-06 13:21:29,949 - INFO - HTTP Request: POST https://api.telegram.org/bot8201220396:AAFxvlvyeehQoJ7ZdyY9hPg08FnAdqaVhBw/getUpdates "HTTP/1.1 200 OK"
2026-06-06 13:21:40,154 - INFO - HTTP Request: POST https://api.telegram.org/bot8201220396:AAFxvlvyeehQoJ7ZdyY9hPg08FnAdqaVhBw/getUpdates "HTTP/1.1 200 OK"
2026-06-06 13:21:50,359 - INFO - HTTP Request: POST https://api.telegram.org/bot8201220396:AAFxvlvyeehQoJ7ZdyY9hPg08FnAdqaVhBw/getUpdates "HTTP/1.1 200 OK"
2026-06-06 13:22:00,563 - INFO - HTTP Request: POST https://api.telegram.org/bot8201220396:AAFxvlvyeehQoJ7ZdyY9hPg08FnAdqaVhBw/getUpdates "HTTP/1.1 200 OK"
2026-06-06 13:22:10,769 - INFO - HTTP Request: POST https://api.telegram.org/bot8201220396:AAFxvlvyeehQoJ7ZdyY9hPg08FnAdqaVhBw/getUpdates "HTTP/1.1 200 OK"
2026-06-06 13:22:20,974 - INFO - HTTP Request: POST https://api.telegram.org/bot8201220396:AAFxvlvyeehQoJ7ZdyY9hPg08FnAdqaVhBw/getUpdates "HTTP/1.1 200 OK"
2026-06-06 13:22:31,179 - INFO - HTTP Request: POST https://api.telegram.org/bot8201220396:AAFxvlvyeehQoJ7ZdyY9hPg08FnAdqaVhBw/getUpdates "HTTP/1.1 200 OK"
2026-06-06 13:22:41,383 - INFO - HTTP Request: POST https://api.telegram.org/bot8201220396:AAFxvlvyeehQoJ7ZdyY9hPg08FnAdqaVhBw/getUpdates "HTTP/1.1 200 OK"
2026-06-06 13:22:51,588 - INFO - HTTP Request: POST https://api.telegram.org/bot8201220396:AAFxvlvyeehQoJ7ZdyY9hPg08FnAdqaVhBw/getUpdates "HTTP/1.1 200 OK"
2026-06-06 13:23:01,793 - INFO - HTTP Request: POST https://api.telegram.org/bot8201220396:AAFxvlvyeehQoJ7ZdyY9hPg08FnAdqaVhBw/getUpdates "HTTP/1.1 200 OK"
2026-06-06 13:23:12,042 - INFO - HTTP Request: POST https://api.telegram.org/bot8201220396:AAFxvlvyeehQoJ7ZdyY9hPg08FnAdqaVhBw/getUpdates "HTTP/1.1 200 OK"
2026-06-06 13:23:22,247 - INFO - HTTP Request: POST https://api.telegram.org/bot8201220396:AAFxvlvyeehQoJ7ZdyY9hPg08FnAdqaVhBw/getUpdates "HTTP/1.1 200 OK"
2026-06-06 13:23:32,453 - INFO - HTTP Request: POST https://api.telegram.org/bot8201220396:AAFxvlvyeehQoJ7ZdyY9hPg08FnAdqaVhBw/getUpdates "HTTP/1.1 200 OK"
2026-06-06 13:23:42,658 - INFO - HTTP Request: POST https://api.telegram.org/bot8201220396:AAFxvlvyeehQoJ7ZdyY9hPg08FnAdqaVhBw/getUpdates "HTTP/1.1 200 OK"
2026-06-06 13:23:52,863 - INFO - HTTP Request: POST https://api.telegram.org/bot8201220396:AAFxvlvyeehQoJ7ZdyY9hPg08FnAdqaVhBw/getUpdates "HTTP/1.1 200 OK"
2026-06-06 13:24:03,068 - INFO - HTTP Request: POST https://api.telegram.org/bot8201220396:AAFxvlvyeehQoJ7ZdyY9hPg08FnAdqaVhBw/getUpdates "HTTP/1.1 200 OK"
2026-06-06 13:24:13,273 - INFO - HTTP Request: POST https://api.telegram.org/bot8201220396:AAFxvlvyeehQoJ7ZdyY9hPg08FnAdqaVhBw/getUpdates "HTTP/1.1 200 OK"
2026-06-06 13:24:23,478 - INFO - HTTP Request: POST https://api.telegram.org/bot8201220396:AAFxvlvyeehQoJ7ZdyY9hPg08FnAdqaVhBw/getUpdates "HTTP/1.1 200 OK"
2026-06-06 13:24:33,683 - INFO - HTTP Request: POST https://api.telegram.org/bot8201220396:AAFxvlvyeehQoJ7ZdyY9hPg08FnAdqaVhBw/getUpdates "HTTP/1.1 200 OK"
2026-06-06 13:24:43,888 - INFO - HTTP Request: POST https://api.telegram.org/bot8201220396:AAFxvlvyeehQoJ7ZdyY9hPg08FnAdqaVhBw/getUpdates "HTTP/1.1 200 OK"
2026-06-06 13:24:54,092 - INFO - HTTP Request: POST https://api.telegram.org/bot8201220396:AAFxvlvyeehQoJ7ZdyY9hPg08FnAdqaVhBw/getUpdates "HTTP/1.1 200 OK"
2026-06-06 13:25:04,297 - INFO - HTTP Request: POST https://api.telegram.org/bot8201220396:AAFxvlvyeehQoJ7ZdyY9hPg08FnAdqaVhBw/getUpdates "HTTP/1.1 200 OK"
2026-06-06 13:25:14,502 - INFO - HTTP Request: POST https://api.telegram.org/bot8201220396:AAFxvlvyeehQoJ7ZdyY9hPg08FnAdqaVhBw/getUpdates "HTTP/1.1 200 OK"
2026-06-06 13:25:24,708 - INFO - HTTP Request: POST https://api.telegram.org/bot8201220396:AAFxvlvyeehQoJ7ZdyY9hPg08FnAdqaVhBw/getUpdates "HTTP/1.1 200 OK"
2026-06-06 13:25:34,942 - INFO - HTTP Request: POST https://api.telegram.org/bot8201220396:AAFxvlvyeehQoJ7ZdyY9hPg08FnAdqaVhBw/getUpdates "HTTP/1.1 200 OK"
2026-06-06 13:25:45,147 - INFO - HTTP Request: POST https://api.telegram.org/bot8201220396:AAFxvlvyeehQoJ7ZdyY9hPg08FnAdqaVhBw/getUpdates "HTTP/1.1 200 OK"
2026-06-06 13:25:55,354 - INFO - HTTP Request: POST https://api.telegram.org/bot8201220396:AAFxvlvyeehQoJ7ZdyY9hPg08FnAdqaVhBw/getUpdates "HTTP/1.1 200 OK"
2026-06-06 13:26:05,559 - INFO - HTTP Request: POST https://api.telegram.org/bot8201220396:AAFxvlvyeehQoJ7ZdyY9hPg08FnAdqaVhBw/getUpdates "HTTP/1.1 200 OK"
2026-06-06 13:26:15,764 - INFO - HTTP Request: POST https://api.telegram.org/bot8201220396:AAFxvlvyeehQoJ7ZdyY9hPg08FnAdqaVhBw/getUpdates "HTTP/1.1 200 OK"
2026-06-06 13:26:25,969 - INFO - HTTP Request: POST https://api.telegram.org/bot8201220396:AAFxvlvyeehQoJ7ZdyY9hPg08FnAdqaVhBw/getUpdates "HTTP/1.1 200 OK"
2026-06-06 13:26:36,174 - INFO - HTTP Request: POST https://api.telegram.org/bot8201220396:AAFxvlvyeehQoJ7ZdyY9hPg08FnAdqaVhBw/getUpdates "HTTP/1.1 200 OK"
2026-06-06 13:26:46,378 - INFO - HTTP Request: POST https://api.telegram.org/bot8201220396:AAFxvlvyeehQoJ7ZdyY9hPg08FnAdqaVhBw/getUpdates "HTTP/1.1 200 OK"
2026-06-06 13:26:56,585 - INFO - HTTP Request: POST https://api.telegram.org/bot8201220396:AAFxvlvyeehQoJ7ZdyY9hPg08FnAdqaVhBw/getUpdates "HTTP/1.1 200 OK"
2026-06-06 13:27:06,789 - INFO - HTTP Request: POST https://api.telegram.org/bot8201220396:AAFxvlvyeehQoJ7ZdyY9hPg08FnAdqaVhBw/getUpdates "HTTP/1.1 200 OK"
2026-06-06 13:27:16,994 - INFO - HTTP Request: POST https://api.telegram.org/bot8201220396:AAFxvlvyeehQoJ7ZdyY9hPg08FnAdqaVhBw/getUpdates "HTTP/1.1 200 OK"
2026-06-06 13:27:27,199 - INFO - HTTP Request: POST https://api.telegram.org/bot8201220396:AAFxvlvyeehQoJ7ZdyY9hPg08FnAdqaVhBw/getUpdates "HTTP/1.1 200 OK"
2026-06-06 13:27:37,405 - INFO - HTTP Request: POST https://api.telegram.org/bot8201220396:AAFxvlvyeehQoJ7ZdyY9hPg08FnAdqaVhBw/getUpdates "HTTP/1.1 200 OK"
2026-06-06 13:27:47,609 - INFO - HTTP Request: POST https://api.telegram.org/bot8201220396:AAFxvlvyeehQoJ7ZdyY9hPg08FnAdqaVhBw/getUpdates "HTTP/1.1 200 OK"
2026-06-06 13:27:57,841 - INFO - HTTP Request: POST https://api.telegram.org/bot8201220396:AAFxvlvyeehQoJ7ZdyY9hPg08FnAdqaVhBw/getUpdates "HTTP/1.1 200 OK"
2026-06-06 13:28:08,047 - INFO - HTTP Request: POST https://api.telegram.org/bot8201220396:AAFxvlvyeehQoJ7ZdyY9hPg08FnAdqaVhBw/getUpdates "HTTP/1.1 200 OK"
2026-06-06 13:28:18,252 - INFO - HTTP Request: POST https://api.telegram.org/bot8201220396:AAFxvlvyeehQoJ7ZdyY9hPg08FnAdqaVhBw/getUpdates "HTTP/1.1 200 OK"
2026-06-06 13:28:28,458 - INFO - HTTP Request: POST https://api.telegram.org/bot8201220396:AAFxvlvyeehQoJ7ZdyY9hPg08FnAdqaVhBw/getUpdates "HTTP/1.1 200 OK"
2026-06-06 13:28:38,663 - INFO - HTTP Request: POST https://api.telegram.org/bot8201220396:AAFxvlvyeehQoJ7ZdyY9hPg08FnAdqaVhBw/getUpdates "HTTP/1.1 200 OK"
2026-06-06 13:28:48,869 - INFO - HTTP Request: POST https://api.telegram.org/bot8201220396:AAFxvlvyeehQoJ7ZdyY9hPg08FnAdqaVhBw/getUpdates "HTTP/1.1 200 OK"
2026-06-06 13:28:59,074 - INFO - HTTP Request: POST https://api.telegram.org/bot8201220396:AAFxvlvyeehQoJ7ZdyY9hPg08FnAdqaVhBw/getUpdates "HTTP/1.1 200 OK"
2026-06-06 13:29:09,280 - INFO - HTTP Request: POST https://api.telegram.org/bot8201220396:AAFxvlvyeehQoJ7ZdyY9hPg08FnAdqaVhBw/getUpdates "HTTP/1.1 200 OK"
2026-06-06 13:29:19,485 - INFO - HTTP Request: POST https://api.telegram.org/bot8201220396:AAFxvlvyeehQoJ7ZdyY9hPg08FnAdqaVhBw/getUpdates "HTTP/1.1 200 OK"
